Component: ARM Compiler 5.06 update 6 (build 750) Tool: armlink [4d35ed]

==============================================================================

Section Cross References

    startup_stm32f103xe.o(STACK) refers (Special) to heapauxi.o(.text) for __use_two_region_memory
    startup_stm32f103xe.o(HEAP) refers (Special) to heapauxi.o(.text) for __use_two_region_memory
    startup_stm32f103xe.o(RESET) refers (Special) to heapauxi.o(.text) for __use_two_region_memory
    startup_stm32f103xe.o(RESET) refers to startup_stm32f103xe.o(STACK) for __initial_sp
    startup_stm32f103xe.o(RESET) refers to startup_stm32f103xe.o(.text) for Reset_Handler
    startup_stm32f103xe.o(RESET) refers to stm32f1xx_it.o(i.NMI_Handler) for NMI_Handler
    startup_stm32f103xe.o(RESET) refers to stm32f1xx_it.o(i.HardFault_Handler) for HardFault_Handler
    startup_stm32f103xe.o(RESET) refers to stm32f1xx_it.o(i.MemManage_Handler) for MemManage_Handler
    startup_stm32f103xe.o(RESET) refers to stm32f1xx_it.o(i.BusFault_Handler) for BusFault_Handler
    startup_stm32f103xe.o(RESET) refers to stm32f1xx_it.o(i.UsageFault_Handler) for UsageFault_Handler
    startup_stm32f103xe.o(RESET) refers to port.o(.emb_text) for SVC_Handler
    startup_stm32f103xe.o(RESET) refers to stm32f1xx_it.o(i.DebugMon_Handler) for DebugMon_Handler
    startup_stm32f103xe.o(RESET) refers to delay.o(i.SysTick_Handler) for SysTick_Handler
    startup_stm32f103xe.o(RESET) refers to usart.o(i.USART1_IRQHandler) for USART1_IRQHandler
    startup_stm32f103xe.o(RESET) refers to btim.o(i.TIM6_IRQHandler) for TIM6_IRQHandler
    startup_stm32f103xe.o(.text) refers (Special) to heapauxi.o(.text) for __use_two_region_memory
    startup_stm32f103xe.o(.text) refers to system_stm32f1xx.o(i.SystemInit) for SystemInit
    startup_stm32f103xe.o(.text) refers to __main.o(!!!main) for __main
    startup_stm32f103xe.o(.text) refers to startup_stm32f103xe.o(HEAP) for Heap_Mem
    startup_stm32f103xe.o(.text) refers to startup_stm32f103xe.o(STACK) for Stack_Mem
    main.o(i.main) refers to stm32f1xx_hal.o(i.HAL_Init) for HAL_Init
    main.o(i.main) refers to sys.o(i.sys_stm32_clock_init) for sys_stm32_clock_init
    main.o(i.main) refers to delay.o(i.delay_init) for delay_init
    main.o(i.main) refers to usart.o(i.usart_init) for usart_init
    main.o(i.main) refers to led.o(i.led_init) for led_init
    main.o(i.main) refers to lcd.o(i.lcd_init) for lcd_init
    main.o(i.main) refers to key.o(i.key_init) for key_init
    main.o(i.main) refers to sram.o(i.sram_init) for sram_init
    main.o(i.main) refers to malloc.o(i.my_mem_init) for my_mem_init
    main.o(i.main) refers to adc3.o(i.adc3_init) for adc3_init
    main.o(i.main) refers to freertos_demo.o(i.freertos_demo) for freertos_demo
    system_stm32f1xx.o(i.SystemCoreClockUpdate) refers to system_stm32f1xx.o(.data) for SystemCoreClock
    system_stm32f1xx.o(i.SystemCoreClockUpdate) refers to system_stm32f1xx.o(.constdata) for AHBPrescTable
    freertos_demo.o(i.freertos_demo) refers to tasks.o(i.xTaskCreate) for xTaskCreate
    freertos_demo.o(i.freertos_demo) refers to tasks.o(i.vTaskStartScheduler) for vTaskStartScheduler
    freertos_demo.o(i.freertos_demo) refers to freertos_demo.o(.data) for start_task_handler
    freertos_demo.o(i.freertos_demo) refers to freertos_demo.o(i.start_task) for start_task
    freertos_demo.o(i.start_task) refers to port.o(i.vPortEnterCritical) for vPortEnterCritical
    freertos_demo.o(i.start_task) refers to tasks.o(i.xTaskCreate) for xTaskCreate
    freertos_demo.o(i.start_task) refers to tasks.o(i.vTaskDelete) for vTaskDelete
    freertos_demo.o(i.start_task) refers to port.o(i.vPortExitCritical) for vPortExitCritical
    freertos_demo.o(i.start_task) refers to freertos_demo.o(.data) for task1_handler
    freertos_demo.o(i.start_task) refers to freertos_demo.o(i.task1) for task1
    freertos_demo.o(i.start_task) refers to freertos_demo.o(i.task2) for task2
    freertos_demo.o(i.start_task) refers to freertos_demo.o(i.task3) for task3
    freertos_demo.o(i.task1) refers to _printf_percent.o(.ARM.Collect$$_printf_percent$$00000000) for _printf_percent
    freertos_demo.o(i.task1) refers to _printf_d.o(.ARM.Collect$$_printf_percent$$00000009) for _printf_d
    freertos_demo.o(i.task1) refers to _printf_dec.o(.text) for _printf_int_dec
    freertos_demo.o(i.task1) refers to noretval__2printf.o(.text) for __2printf
    freertos_demo.o(i.task1) refers to stm32f1xx_hal_gpio.o(i.HAL_GPIO_TogglePin) for HAL_GPIO_TogglePin
    freertos_demo.o(i.task1) refers to tasks.o(i.vTaskDelay) for vTaskDelay
    freertos_demo.o(i.task1) refers to freertos_demo.o(.data) for adcx
    freertos_demo.o(i.task2) refers to lcd.o(i.lcd_show_string) for lcd_show_string
    freertos_demo.o(i.task2) refers to lcd.o(i.lcd_draw_rectangle) for lcd_draw_rectangle
    freertos_demo.o(i.task2) refers to lcd.o(i.lcd_fill_circle) for lcd_fill_circle
[...]
    i.vTaskInternalSetTimeOutState           0x08007dc4   Section        0  tasks.o(i.vTaskInternalSetTimeOutState)
    i.vTaskMissedYield                       0x08007ddc   Section        0  tasks.o(i.vTaskMissedYield)
    i.vTaskPlaceOnEventList                  0x08007de8   Section        0  tasks.o(i.vTaskPlaceOnEventList)
    i.vTaskPlaceOnEventListRestricted        0x08007e4c   Section        0  tasks.o(i.vTaskPlaceOnEventListRestricted)
    i.vTaskResume                            0x08007ed8   Section        0  tasks.o(i.vTaskResume)
    i.vTaskStartScheduler                    0x08007fc8   Section        0  tasks.o(i.vTaskStartScheduler)
    i.vTaskSuspend                           0x0800808c   Section        0  tasks.o(i.vTaskSuspend)
    i.vTaskSuspendAll                        0x080081b8   Section        0  tasks.o(i.vTaskSuspendAll)
    i.vTaskSwitchContext                     0x080081c8   Section        0  tasks.o(i.vTaskSwitchContext)
    i.xPortStartScheduler                    0x08008280   Section        0  port.o(i.xPortStartScheduler)
    i.xPortSysTickHandler                    0x080083cc   Section        0  port.o(i.xPortSysTickHandler)
    i.xQueueGenericCreate                    0x08008400   Section        0  queue.o(i.xQueueGenericCreate)
    i.xQueueGenericReset                     0x08008490   Section        0  queue.o(i.xQueueGenericReset)
    i.xQueueReceive                          0x0800858c   Section        0  queue.o(i.xQueueReceive)
    i.xTaskCheckForTimeOut                   0x0800870c   Section        0  tasks.o(i.xTaskCheckForTimeOut)
    i.xTaskCreate                            0x080087d8   Section        0  tasks.o(i.xTaskCreate)
    i.xTaskGetSchedulerState                 0x08008838   Section        0  tasks.o(i.xTaskGetSchedulerState)
    i.xTaskGetTickCount                      0x08008858   Section        0  tasks.o(i.xTaskGetTickCount)
    i.xTaskIncrementTick                     0x08008864   Section        0  tasks.o(i.xTaskIncrementTick)
    i.xTaskPriorityDisinherit                0x08008a4c   Section        0  tasks.o(i.xTaskPriorityDisinherit)
    i.xTaskRemoveFromEventList               0x08008b5c   Section        0  tasks.o(i.xTaskRemoveFromEventList)
    i.xTaskResumeAll                         0x08008ca8   Section        0  tasks.o(i.xTaskResumeAll)
    i.xTimerCreateTimerTask                  0x08008e48   Section        0  timers.o(i.xTimerCreateTimerTask)
    x$fpl$dfixu                              0x08008ec8   Section       90  dfixu.o(x$fpl$dfixu)
    x$fpl$dfltu                              0x08008f22   Section       38  dflt_clz.o(x$fpl$dfltu)
    x$fpl$dmul                               0x08008f48   Section      340  dmul.o(x$fpl$dmul)
    x$fpl$dnaninf                            0x0800909c   Section      156  dnaninf.o(x$fpl$dnaninf)
    x$fpl$dretinf                            0x08009138   Section       12  dretinf.o(x$fpl$dretinf)
    .constdata                               0x08009144   Section       24  system_stm32f1xx.o(.constdata)
    x$fpl$usenofp                            0x08009144   Section        0  usenofp.o(x$fpl$usenofp)
    .constdata                               0x0800915c   Section    12160  lcd.o(.constdata)
    .constdata                               0x0800c0dc   Section       24  malloc.o(.constdata)
    .constdata                               0x0800c0f4   Section       40  _printf_hex_int.o(.constdata)
    uc_hextab                                0x0800c0f4   Data          20  _printf_hex_int.o(.constdata)
    lc_hextab                                0x0800c108   Data          20  _printf_hex_int.o(.constdata)
    .data                                    0x20000000   Section        4  system_stm32f1xx.o(.data)
    .data                                    0x20000004   Section       20  freertos_demo.o(.data)
    .data                                    0x20000018   Section        2  delay.o(.data)
    g_fac_us                                 0x20000018   Data           2  delay.o(.data)
    .data                                    0x2000001c   Section        7  usart.o(.data)
    .data                                    0x20000024   Section        9  stm32f1xx_hal.o(.data)
    .data                                    0x20000030   Section        8  lcd.o(.data)
    .data                                    0x20000038   Section        1  key.o(.data)
    key_up                                   0x20000038   Data           1  key.o(.data)
    .data                                    0x2000003c   Section       28  malloc.o(.data)
    .data                                    0x20000058   Section       64  tasks.o(.data)
    pxDelayedTaskList                        0x2000005c   Data           4  tasks.o(.data)
    pxOverflowDelayedTaskList                0x20000060   Data           4  tasks.o(.data)
    uxDeletedTasksWaitingCleanUp             0x20000064   Data           4  tasks.o(.data)
    uxCurrentNumberOfTasks                   0x20000068   Data           4  tasks.o(.data)
    xTickCount                               0x2000006c   Data           4  tasks.o(.data)
    uxTopReadyPriority                       0x20000070   Data           4  tasks.o(.data)
    xSchedulerRunning                        0x20000074   Data           4  tasks.o(.data)
    xPendedTicks                             0x20000078   Data           4  tasks.o(.data)
    xYieldPending                            0x2000007c   Data           4  tasks.o(.data)
    xNumOfOverflows                          0x20000080   Data           4  tasks.o(.data)
    uxTaskNumber                             0x20000084   Data           4  tasks.o(.data)
    xNextTaskUnblockTime                     0x20000088   Data           4  tasks.o(.data)
    xIdleTaskHandle                          0x2000008c   Data           4  tasks.o(.data)
    uxSchedulerSuspended                     0x20000094   Data           4  tasks.o(.data)
    .data                                    0x20000098   Section       20  timers.o(.data)
    pxCurrentTimerList                       0x20000098   Data           4  timers.o(.data)
    pxOverflowTimerList                      0x2000009c   Data           4  timers.o(.data)
    xTimerQueue                              0x200000a0   Data           4  timers.o(.data)
    xTimerTaskHandle                         0x200000a4   Data           4  timers.o(.data)
    xLastTime                                0x200000a8   Data           4  timers.o(.data)
    .data                                    0x200000ac   Section       32  heap_4.o(.data)
    xStart                                   0x200000ac   Data           8  heap_4.o(.data)
    pxEnd                                    0x200000b4   Data           4  heap_4.o(.data)
    xFreeBytesRemaining                      0x200000b8   Data           4  heap_4.o(.data)
    xMinimumEverFreeBytesRemaining           0x200000bc   Data           4  heap_4.o(.data)
    xNumberOfSuccessfulAllocations           0x200000c0   Data           4  heap_4.o(.data)
    xNumberOfSuccessfulFrees                 0x200000c4   Data           4  heap_4.o(.data)
    xBlockAllocatedBit                       0x200000c8   Data           4  heap_4.o(.data)
    .data                                    0x200000cc   Section       12  port.o(.data)
    uxCriticalNesting                        0x200000cc   Data           4  port.o(.data)
    ucMaxSysCallPriority                     0x200000d0   Data           1  port.o(.data)
    ulMaxPRIGROUPValue                       0x200000d4   Data           4  port.o(.data)
    .bss                                     0x200000d8   Section      264  usart.o(.bss)
    .bss                                     0x200001e0   Section       86  lcd.o(.bss)
    .bss                                     0x20000238   Section       72  sram.o(.bss)
    .bss                                     0x20000280   Section       72  btim.o(.bss)
    .bss                                     0x200002c8   Section       48  adc3.o(.bss)
    .bss                                     0x20000300   Section    32640  malloc.o(.bss)
    mem1base                                 0x20000300   Data       30720  malloc.o(.bss)
    mem1mapbase                              0x20007b00   Data        1920  malloc.o(.bss)
    .bss                                     0x20008280   Section       64  queue.o(.bss)
    .bss                                     0x200082c0   Section      740  tasks.o(.bss)
    pxReadyTasksLists                        0x200082c0   Data         640  tasks.o(.bss)
    xDelayedTaskList1                        0x20008540   Data          20  tasks.o(.bss)
    xDelayedTaskList2                        0x20008554   Data          20  tasks.o(.bss)
    xPendingReadyList                        0x20008568   Data          20  tasks.o(.bss)
    xTasksWaitingTermination                 0x2000857c   Data          20  tasks.o(.bss)
    xSuspendedTaskList                       0x20008590   Data          20  tasks.o(.bss)
    .bss                                     0x200085a4   Section       40  timers.o(.bss)
    xActiveTimerList1                        0x200085a4   Data          20  timers.o(.bss)
    xActiveTimerList2                        0x200085b8   Data          20  timers.o(.bss)
    .bss                                     0x200085cc   Section    10240  heap_4.o(.bss)
    ucHeap                                   0x200085cc   Data       10240  heap_4.o(.bss)
    .bss                                     0x2000adcc   Section       96  libspace.o(.bss)
    HEAP                                     0x2000ae30   Section      512  startup_stm32f103xe.o(HEAP)
    Heap_Mem                                 0x2000ae30   Data         512  startup_stm32f103xe.o(HEAP)
    STACK                                    0x2000b030   Section     1024  startup_stm32f103xe.o(STACK)
    Stack_Mem                                0x2000b030   Data        1024  startup_stm32f103xe.o(STACK)
    __initial_sp                             0x2000b430   Data           0  startup_stm32f103xe.o(STACK)
    .ARM.__AT_0x68000000                     0x68000000   Section    986112  malloc.o(.ARM.__AT_0x68000000)
    mem2base                                 0x68000000   Data       986112  malloc.o(.ARM.__AT_0x68000000)
    .ARM.__AT_0x680F0C00                     0x680f0c00   Section    61632  malloc.o(.ARM.__AT_0x680F0C00)
    mem2mapbase                              0x680f0c00   Data       61632  malloc.o(.ARM.__AT_0x680F0C00)

    Global Symbols

    Symbol Name                              Value     Ov Type        Size  Object(Section)

    BuildAttributes$$THM_ISAv4$P$D$K$B$S$PE$A:L22UL41UL21$X:L11$S22US41US21$IEEE1$IW$USESV6$~STKCKD$USESV7$~SHL$OSPACE$ROPI$EBA8$UX$STANDARDLIB$REQ8$PRES8$EABIv2 0x00000000   Number         0  anon$$obj.o ABSOLUTE
    __ARM_use_no_argv                        0x00000000   Number         0  main.o ABSOLUTE
    __ARM_exceptions_init                     - Undefined Weak Reference
    __alloca_initialize                       - Undefined Weak Reference
    __arm_preinit_                            - Undefined Weak Reference
    __cpp_initialize__aeabi_                  - Undefined Weak Reference
    __cxa_finalize                            - Undefined Weak Reference
    __rt_locale                               - Undefined Weak Reference
    __sigvec_lookup                           - Undefined Weak Reference
    _atexit_init                              - Undefined Weak Reference
    _call_atexit_fns                          - Undefined Weak Reference
    _clock_init                               - Undefined Weak Reference
    _fp_trap_init                             - Undefined Weak Reference
    _fp_trap_shutdown                         - Undefined Weak Reference
    _get_lc_collate                           - Undefined Weak Reference
    _get_lc_ctype                             - Undefined Weak Reference
    _get_lc_monetary                          - Undefined Weak Reference
    _get_lc_numeric                           - Undefined Weak Reference
    _get_lc_time                              - Undefined Weak Reference
    _getenv_init                              - Undefined Weak Reference
    _handle_redirection                       - Undefined Weak Reference
    _init_alloc                               - Undefined Weak Reference
    _init_user_alloc                          - Undefined Weak Reference
    _initio                                   - Undefined Weak Reference
    _mutex_acquire                            - Undefined Weak Reference
    _mutex_release                            - Undefined Weak Reference
    _printf_mbtowc                            - Undefined Weak Reference
    _printf_post_padding                      - Undefined Weak Reference
    _printf_pre_padding                       - Undefined Weak Reference
    _printf_truncate_signed                   - Undefined Weak Reference
    _printf_truncate_unsigned                 - Undefined Weak Reference
    _rand_init                                - Undefined Weak Reference
    _signal_finish                            - Undefined Weak Reference
    _signal_init                              - Undefined Weak Reference
    _terminate_alloc                          - Undefined Weak Reference
    _terminate_user_alloc                     - Undefined Weak Reference
    _terminateio                              - Undefined Weak Reference
    __Vectors_Size                           0x00000130   Number         0  startup_stm32f103xe.o ABSOLUTE
    __Vectors                                0x08000000   Data           4  startup_stm32f103xe.o(RESET)
    __Vectors_End                            0x08000130   Data           0  startup_stm32f103xe.o(RESET)
    __main                                   0x08000131   Thumb Code     8  __main.o(!!!main)
    __scatterload                            0x08000139   Thumb Code     0  __scatter.o(!!!scatter)
    __scatterload_rt2                        0x08000139   Thumb Code    44  __scatter.o(!!!scatter)
    __scatterload_rt2_thumb_only             0x08000139   Thumb Code     0  __scatter.o(!!!scatter)
    __scatterload_null                       0x08000147   Thumb Code     0  __scatter.o(!!!scatter)
    __scatterload_copy                       0x0800016d   Thumb Code    26  __scatter_copy.o(!!handler_copy)
    __scatterload_zeroinit                   0x08000189   Thumb Code    28  __scatter_zi.o(!!handler_zi)
    _printf_d                                0x080001a5   Thumb Code     0  _printf_d.o(.ARM.Collect$$_printf_percent$$00000009)
    _printf_percent                          0x080001a5   Thumb Code     0  _printf_percent.o(.ARM.Collect$$_printf_percent$$00000000)
    _printf_x                                0x080001ab   Thumb Code     0  _printf_x.o(.ARM.Collect$$_printf_percent$$0000000C)
    _printf_s                                0x080001b1   Thumb Code     0  _printf_s.o(.ARM.Collect$$_printf_percent$$00000014)
    _printf_percent_end                      0x080001b7   Thumb Code     0  _printf_percent_end.o(.ARM.Collect$$_printf_percent$$00000017)
    __rt_lib_init                            0x080001bb   Thumb Code     0  libinit.o(.ARM.Collect$$libinit$$00000000)
    __rt_lib_init_alloca_1                   0x080001bd   Thumb Code     0  libinit2.o(.ARM.Collect$$libinit$$0000002E)
    __rt_lib_init_argv_1                     0x080001bd   Thumb Code     0  libinit2.o(.ARM.Collect$$libinit$$0000002C)
    __rt_lib_init_atexit_1                   0x080001bd   Thumb Code     0  libinit2.o(.ARM.Collect$$libinit$$0000001B)
    __rt_lib_init_clock_1                    0x080001bd   Thumb Code     0  libinit2.o(.ARM.Collect$$libinit$$00000021)
    __rt_lib_init_cpp_1                      0x080001bd   Thumb Code     0  libinit2.o(.ARM.Collect$$libinit$$00000032)
    __rt_lib_init_exceptions_1               0x080001bd   Thumb Code     0  libinit2.o(.ARM.Collect$$libinit$$00000030)
    __rt_lib_init_fp_1                       0x080001bd   Thumb Code     0  libinit2.o(.ARM.Collect$$libinit$$00000002)
    __rt_lib_init_fp_trap_1                  0x080001bd   Thumb Code     0  libinit2.o(.ARM.Collect$$libinit$$0000001F)
    __rt_lib_init_getenv_1                   0x080001bd   Thumb Code     0  libinit2.o(.ARM.Collect$$libinit$$00000023)
    __rt_lib_init_heap_1                     0x080001bd   Thumb Code     0  libinit2.o(.ARM.Collect$$libinit$$0000000A)
    __rt_lib_init_lc_collate_1               0x080001bd   Thumb Code     0  libinit2.o(.ARM.Collect$$libinit$$00000011)
    __rt_lib_init_lc_ctype_1                 0x080001bd   Thumb Code     0  libinit2.o(.ARM.Collect$$libinit$$00000013)
    __rt_lib_init_lc_monetary_1              0x080001bd   Thumb Code     0  libinit2.o(.ARM.Collect$$libinit$$00000015)
    __rt_lib_init_lc_numeric_1               0x080001bd   Thumb Code     0  libinit2.o(.ARM.Collect$$libinit$$00000017)
    __rt_lib_init_lc_time_1                  0x080001bd   Thumb Code     0  libinit2.o(.ARM.Collect$$libinit$$00000019)
    __rt_lib_init_preinit_1                  0x080001bd   Thumb Code     0  libinit2.o(.ARM.Collect$$libinit$$00000004)
    __rt_lib_init_rand_1                     0x080001bd   Thumb Code     0  libinit2.o(.ARM.Collect$$libinit$$0000000E)
    __rt_lib_init_return                     0x080001bd   Thumb Code     0  libinit2.o(.ARM.Collect$$libinit$$00000033)
    __rt_lib_init_signal_1                   0x080001bd   Thumb Code     0  libinit2.o(.ARM.Collect$$libinit$$0000001D)
    __rt_lib_init_stdio_1                    0x080001bd   Thumb Code     0  libinit2.o(.ARM.Collect$$libinit$$00000025)
    __rt_lib_init_user_alloc_1               0x080001bd   Thumb Code     0  libinit2.o(.ARM.Collect$$libinit$$0000000C)
    __rt_lib_shutdown                        0x080001bf   Thumb Code     0  libshutdown.o(.ARM.Collect$$libshutdown$$00000000)
    __rt_lib_shutdown_cpp_1                  0x080001c1   Thumb Code     0  libshutdown2.o(.ARM.Collect$$libshutdown$$00000002)
    __rt_lib_shutdown_fp_trap_1              0x080001c1   Thumb Code     0  libshutdown2.o(.ARM.Collect$$libshutdown$$00000007)
    __rt_lib_shutdown_heap_1                 0x080001c1   Thumb Code     0  libshutdown2.o(.ARM.Collect$$libshutdown$$0000000F)
    __rt_lib_shutdown_return                 0x080001c1   Thumb Code     0  libshutdown2.o(.ARM.Collect$$libshutdown$$00000010)
    __rt_lib_shutdown_signal_1               0x080001c1   Thumb Code     0  libshutdown2.o(.ARM.Collect$$libshutdown$$0000000A)
    __rt_lib_shutdown_stdio_1                0x080001c1   Thumb Code     0  libshutdown2.o(.ARM.Collect$$libshutdown$$00000004)
    __rt_lib_shutdown_user_alloc_1           0x080001c1   Thumb Code     0  libshutdown2.o(.ARM.Collect$$libshutdown$$0000000C)
    __rt_entry                               0x080001c3   Thumb Code     0  __rtentry.o(.ARM.Collect$$rtentry$$00000000)
    __rt_entry_presh_1                       0x080001c3   Thumb Code     0  __rtentry2.o(.ARM.Collect$$rtentry$$00000002)
    __rt_entry_sh                            0x080001c3   Thumb Code     0  __rtentry4.o(.ARM.Collect$$rtentry$$00000004)
    __rt_entry_li                            0x080001c9   Thumb Code     0  __rtentry2.o(.ARM.Collect$$rtentry$$0000000A)
    __rt_entry_postsh_1                      0x080001c9   Thumb Code     0  __rtentry2.o(.ARM.Collect$$rtentry$$00000009)
    __rt_entry_main                          0x080001cd   Thumb Code     0  __rtentry2.o(.ARM.Collect$$rtentry$$0000000D)
    __rt_entry_postli_1                      0x080001cd   Thumb Code     0  __rtentry2.o(.ARM.Collect$$rtentry$$0000000C)
    __rt_exit                                0x080001d5   Thumb Code     0  rtexit.o(.ARM.Collect$$rtexit$$00000000)
    __rt_exit_ls                             0x080001d7   Thumb Code     0  rtexit2.o(.ARM.Collect$$rtexit$$00000003)
    __rt_exit_prels_1                        0x080001d7   Thumb Code     0  rtexit2.o(.ARM.Collect$$rtexit$$00000002)
    __rt_exit_exit                           0x080001db   Thumb Code     0  rtexit2.o(.ARM.Collect$$rtexit$$00000004)
    SVC_Handler                              0x080001e1   Thumb Code    32  port.o(.emb_text)
    __asm___6_port_c_39a90d8d__prvStartFirstTask 0x08000205   Thumb Code    28  port.o(.emb_text)
    PendSV_Handler                           0x08000225   Thumb Code    72  port.o(.emb_text)
    vPortGetIPSR                             0x08000271   Thumb Code     6  port.o(.emb_text)
    Reset_Handler                            0x08000279   Thumb Code     8  startup_stm32f103xe.o(.text)
    ADC1_2_IRQHandler                        0x08000293   Thumb Code     0  startup_stm32f103xe.o(.text)
    ADC3_IRQHandler                          0x08000293   Thumb Code     0  startup_stm32f103xe.o(.text)
    CAN1_RX1_IRQHandler                      0x08000293   Thumb Code     0  startup_stm32f103xe.o(.text)
    CAN1_SCE_IRQHandler                      0x08000293   Thumb Code     0  startup_stm32f103xe.o(.text)
    DMA1_Channel1_IRQHandler                 0x08000293   Thumb Code     0  startup_stm32f103xe.o(.text)
    DMA1_Channel2_IRQHandler                 0x08000293   Thumb Code     0  startup_stm32f103xe.o(.text)
    DMA1_Channel3_IRQHandler                 0x08000293   Thumb Code     0  startup_stm32f103xe.o(.text)
    DMA1_Channel4_IRQHandler                 0x08000293   Thumb Code     0  startup_stm32f103xe.o(.text)
    DMA1_Channel5_IRQHandler                 0x08000293   Thumb Code     0  startup_stm32f103xe.o(.text)
    DMA1_Channel6_IRQHandler                 0x08000293   Thumb Code     0  startup_stm32f103xe.o(.text)
    DMA1_Channel7_IRQHandler                 0x08000293   Thumb Code     0  startup_stm32f103xe.o(.text)
    DMA2_Channel1_IRQHandler                 0x08000293   Thumb Code     0  startup_stm32f103xe.o(.text)
    DMA2_Channel2_IRQHandler                 0x08000293   Thumb Code     0  startup_stm32f103xe.o(.text)
    DMA2_Channel3_IRQHandler                 0x08000293   Thumb Code     0  startup_stm32f103xe.o(.text)
    DMA2_Channel4_5_IRQHandler               0x08000293   Thumb Code     0  startup_stm32f103xe.o(.text)
    EXTI0_IRQHandler                         0x08000293   Thumb Code     0  startup_stm32f103xe.o(.text)
    EXTI15_10_IRQHandler                     0x08000293   Thumb Code     0  startup_stm32f103xe.o(.text)
    EXTI1_IRQHandler                         0x08000293   Thumb Code     0  startup_stm32f103xe.o(.text)
    EXTI2_IRQHandler                         0x08000293   Thumb Code     0  startup_stm32f103xe.o(.text)
    EXTI3_IRQHandler                         0x08000293   Thumb Code     0  startup_stm32f103xe.o(.text)
    EXTI4_IRQHandler                         0x08000293   Thumb Code     0  startup_stm32f103xe.o(.text)
    EXTI9_5_IRQHandler                       0x08000293   Thumb Code     0  startup_stm32f103xe.o(.text)
    FLASH_IRQHandler                         0x08000293   Thumb Code     0  startup_stm32f103xe.o(.text)
    FSMC_IRQHandler                          0x08000293   Thumb Code     0  startup_stm32f103xe.o(.text)
    I2C1_ER_IRQHandler                       0x08000293   Thumb Code     0  startup_stm32f103xe.o(.text)
    I2C1_EV_IRQHandler                       0x08000293   Thumb Code     0  startup_stm32f103xe.o(.text)
    I2C2_ER_IRQHandler                       0x08000293   Thumb Code     0  startup_stm32f103xe.o(.text)
    I2C2_EV_IRQHandler                       0x08000293   Thumb Code     0  startup_stm32f103xe.o(.text)
    PVD_IRQHandler                           0x08000293   Thumb Code     0  startup_stm32f103xe.o(.text)
    RCC_IRQHandler                           0x08000293   Thumb Code     0  startup_stm32f103xe.o(.text)
    RTC_Alarm_IRQHandler                     0x08000293   Thumb Code     0  startup_stm32f103xe.o(.text)
    RTC_IRQHandler                           0x08000293   Thumb Code     0  startup_stm32f103xe.o(.text)
    SDIO_IRQHandler                          0x08000293   Thumb Code     0  startup_stm32f103xe.o(.text)
    SPI1_IRQHandler                          0x08000293   Thumb Code     0  startup_stm32f103xe.o(.text)
    SPI2_IRQHandler                          0x08000293   Thumb Code     0  startup_stm32f103xe.o(.text)
    SPI3_IRQHandler                          0x08000293   Thumb Code     0  startup_stm32f103xe.o(.text)
    TAMPER_IRQHandler                        0x08000293   Thumb Code     0  startup_stm32f103xe.o(.text)
    TIM1_BRK_IRQHandler                      0x08000293   Thumb Code     0  startup_stm32f103xe.o(.text)
    TIM1_CC_IRQHandler                       0x08000293   Thumb Code     0  startup_stm32f103xe.o(.text)
    TIM1_TRG_COM_IRQHandler                  0x08000293   Thumb Code     0  startup_stm32f103xe.o(.text)
    TIM1_UP_IRQHandler                       0x08000293   Thumb Code     0  startup_stm32f103xe.o(.text)
    TIM2_IRQHandler                          0x08000293   Thumb Code     0  startup_stm32f103xe.o(.text)
    TIM3_IRQHandler                          0x08000293   Thumb Code     0  startup_stm32f103xe.o(.text)
    TIM4_IRQHandler                          0x08000293   Thumb Code     0  startup_stm32f103xe.o(.text)
    TIM5_IRQHandler                          0x08000293   Thumb Code     0  startup_stm32f103xe.o(.text)
    TIM7_IRQHandler                          0x08000293   Thumb Code     0  startup_stm32f103xe.o(.text)
    TIM8_BRK_IRQHandler                      0x08000293   Thumb Code     0  startup_stm32f103xe.o(.text)
    TIM8_CC_IRQHandler                       0x08000293   Thumb Code     0  startup_stm32f103xe.o(.text)
    TIM8_TRG_COM_IRQHandler                  0x08000293   Thumb Code     0  startup_stm32f103xe.o(.text)
    TIM8_UP_IRQHandler                       0x08000293   Thumb Code     0  startup_stm32f103xe.o(.text)
    UART4_IRQHandler                         0x08000293   Thumb Code     0  startup_stm32f103xe.o(.text)
    UART5_IRQHandler                         0x08000293   Thumb Code     0  startup_stm32f103xe.o(.text)
    USART2_IRQHandler                        0x08000293   Thumb Code     0  startup_stm32f103xe.o(.text)
    USART3_IRQHandler                        0x08000293   Thumb Code     0  startup_stm32f103xe.o(.text)
    USBWakeUp_IRQHandler                     0x08000293   Thumb Code     0  startup_stm32f103xe.o(.text)
    USB_HP_CAN1_TX_IRQHandler                0x08000293   Thumb Code     0  startup_stm32f103xe.o(.text)
    USB_LP_CAN1_RX0_IRQHandler               0x08000293   Thumb Code     0  startup_stm32f103xe.o(.text)
    WWDG_IRQHandler                          0x08000293   Thumb Code     0  startup_stm32f103xe.o(.text)
    __user_initial_stackheap                 0x08000295   Thumb Code     0  startup_stm32f103xe.o(.text)
    __use_no_semihosting                     0x080002b9   Thumb Code     2  use_no_semi_2.o(.text)
    __2printf                                0x080002bd   Thumb Code    20  noretval__2printf.o(.text)
    __printf                                 0x080002d5   Thumb Code   104  __printf.o(.text)
    _printf_str                              0x0800033d   Thumb Code    82  _printf_str.o(.text)
    _printf_int_dec                          0x08000391   Thumb Code   104  _printf_dec.o(.text)
    _printf_int_hex                          0x08000409   Thumb Code    84  _printf_hex_int.o(.text)
    _printf_longlong_hex                     0x08000409   Thumb Code     0  _printf_hex_int.o(.text)
    __aeabi_memcpy                           0x08000461   Thumb Code     0  rt_memcpy_v6.o(.text)
    __rt_memcpy                              0x08000461   Thumb Code   138  rt_memcpy_v6.o(.text)
    _memcpy_lastbytes                        0x080004c7   Thumb Code     0  rt_memcpy_v6.o(.text)
    __aeabi_memset                           0x080004eb   Thumb Code    16  aeabi_memset.o(.text)
    __aeabi_memclr4                          0x080004fb   Thumb Code     0  rt_memclr_w.o(.text)
    __aeabi_memclr8                          0x080004fb   Thumb Code     0  rt_memclr_w.o(.text)
    __rt_memclr_w                            0x080004fb   Thumb Code    78  rt_memclr_w.o(.text)
    _memset_w                                0x080004ff   Thumb Code     0  rt_memclr_w.o(.text)
    __use_two_region_memory                  0x08000549   Thumb Code     2  heapauxi.o(.text)
    __rt_heap_escrow$2region                 0x0800054b   Thumb Code     2  heapauxi.o(.text)
    __rt_heap_expand$2region                 0x0800054d   Thumb Code     2  heapauxi.o(.text)
    __semihosting$guard                      0x0800054f   Thumb Code     0  use_no_semi.o(.text)
    __use_no_semihosting_swi                 0x0800054f   Thumb Code     2  use_no_semi.o(.text)
    _printf_int_common                       0x08000551   Thumb Code   178  _printf_intcommon.o(.text)
    _printf_char_common                      0x0800060f   Thumb Code    32  _printf_char_common.o(.text)
    _printf_cs_common                        0x08000635   Thumb Code    20  _printf_char.o(.text)
    _printf_char                             0x08000649   Thumb Code    16  _printf_char.o(.text)
    _printf_string                           0x08000659   Thumb Code     8  _printf_char.o(.text)
    _printf_char_file                        0x08000661   Thumb Code    32  _printf_char_file.o(.text)
    __aeabi_memcpy4                          0x08000685   Thumb Code     0  rt_memcpy_w.o(.text)
    __aeabi_memcpy8                          0x08000685   Thumb Code     0  rt_memcpy_w.o(.text)
    __rt_memcpy_w                            0x08000685   Thumb Code   100  rt_memcpy_w.o(.text)
    _memcpy_lastbytes_aligned                0x080006cd   Thumb Code     0  rt_memcpy_w.o(.text)
    __aeabi_memclr                           0x080006e9   Thumb Code     0  rt_memclr.o(.text)
    __rt_memclr                              0x080006e9   Thumb Code    68  rt_memclr.o(.text)
    _memset                                  0x080006ed   Thumb Code     0  rt_memclr.o(.text)
    ferror                                   0x0800072d   Thumb Code     8  ferror.o(.text)
    __user_setup_stackheap                   0x08000735   Thumb Code    74  sys_stackheap_outer.o(.text)
    exit                                     0x0800077f   Thumb Code    18  exit.o(.text)
    __user_libspace                          0x08000791   Thumb Code     8  libspace.o(.text)
    __user_perproc_libspace                  0x08000791   Thumb Code     0  libspace.o(.text)
    __user_perthread_libspace                0x08000791   Thumb Code     0  libspace.o(.text)
    ADC_ConversionStop_Disable               0x08000799   Thumb Code    82  stm32f1xx_hal_adc.o(i.ADC_ConversionStop_Disable)
    ADC_Enable                               0x080007ed   Thumb Code   122  stm32f1xx_hal_adc.o(i.ADC_Enable)
    BusFault_Handler                         0x08000871   Thumb Code     4  stm32f1xx_it.o(i.BusFault_Handler)
    DebugMon_Handler                         0x08000875   Thumb Code     2  stm32f1xx_it.o(i.DebugMon_Handler)
    FSMC_NORSRAM_Extended_Timing_Init        0x08000879   Thumb Code    62  stm32f1xx_ll_fsmc.o(i.FSMC_NORSRAM_Extended_Timing_Init)
    FSMC_NORSRAM_Init                        0x080008bd   Thumb Code   116  stm32f1xx_ll_fsmc.o(i.FSMC_NORSRAM_Init)
    FSMC_NORSRAM_Timing_Init                 0x08000935   Thumb Code    66  stm32f1xx_ll_fsmc.o(i.FSMC_NORSRAM_Timing_Init)
    HAL_ADCEx_Calibration_Start              0x08000979   Thumb Code   256  stm32f1xx_hal_adc_ex.o(i.HAL_ADCEx_Calibration_Start)
    HAL_ADC_ConfigChannel                    0x08000a7d   Thumb Code   338  stm32f1xx_hal_adc.o(i.HAL_ADC_ConfigChannel)
    HAL_ADC_GetValue                         0x08000bdd   Thumb Code     8  stm32f1xx_hal_adc.o(i.HAL_ADC_GetValue)
    HAL_ADC_Init                             0x08000be5   Thumb Code   340  stm32f1xx_hal_adc.o(i.HAL_ADC_Init)
    HAL_ADC_MspInit                          0x08000d45   Thumb Code   112  adc3.o(i.HAL_ADC_MspInit)
    HAL_ADC_PollForConversion                0x08000dc1   Thumb Code   350  stm32f1xx_hal_adc.o(i.HAL_ADC_PollForConversion)
    HAL_ADC_Start                            0x08000f31   Thumb Code   294  stm32f1xx_hal_adc.o(i.HAL_ADC_Start)
    HAL_DMA_Abort_IT                         0x08001061   Thumb Code   414  stm32f1xx_hal_dma.o(i.HAL_DMA_Abort_IT)
    HAL_GPIO_Init                            0x08001209   Thumb Code   792  stm32f1xx_hal_gpio.o(i.HAL_GPIO_Init)
    HAL_GPIO_ReadPin                         0x08001549   Thumb Code    16  stm32f1xx_hal_gpio.o(i.HAL_GPIO_ReadPin)
    HAL_GPIO_TogglePin                       0x08001559   Thumb Code    20  stm32f1xx_hal_gpio.o(i.HAL_GPIO_TogglePin)
    HAL_GPIO_WritePin                        0x0800156d   Thumb Code    12  stm32f1xx_hal_gpio.o(i.HAL_GPIO_WritePin)
    HAL_GetTick                              0x08001579   Thumb Code     6  stm32f1xx_hal.o(i.HAL_GetTick)
    HAL_IncTick                              0x08001585   Thumb Code    16  stm32f1xx_hal.o(i.HAL_IncTick)
    HAL_Init                                 0x0800159d   Thumb Code    34  stm32f1xx_hal.o(i.HAL_Init)
    HAL_InitTick                             0x080015c5   Thumb Code    64  stm32f1xx_hal.o(i.HAL_InitTick)
    HAL_MspInit                              0x08001611   Thumb Code     2  stm32f1xx_hal.o(i.HAL_MspInit)
    HAL_NVIC_EnableIRQ                       0x08001613   Thumb Code    32  stm32f1xx_hal_cortex.o(i.HAL_NVIC_EnableIRQ)
    HAL_NVIC_SetPriority                     0x08001633   Thumb Code   124  stm32f1xx_hal_cortex.o(i.HAL_NVIC_SetPriority)
    HAL_NVIC_SetPriorityGrouping             0x080016b1   Thumb Code    32  stm32f1xx_hal_cortex.o(i.HAL_NVIC_SetPriorityGrouping)
    HAL_RCCEx_GetPeriphCLKFreq               0x080016d9   Thumb Code   276  stm32f1xx_hal_rcc_ex.o(i.HAL_RCCEx_GetPeriphCLKFreq)
    HAL_RCCEx_PeriphCLKConfig                0x0800180d   Thumb Code   290  stm32f1xx_hal_rcc_ex.o(i.HAL_RCCEx_PeriphCLKConfig)
    HAL_RCC_ClockConfig                      0x0800193d   Thumb Code   376  stm32f1xx_hal_rcc.o(i.HAL_RCC_ClockConfig)
    HAL_RCC_GetHCLKFreq                      0x08001ac9   Thumb Code     6  stm32f1xx_hal_rcc.o(i.HAL_RCC_GetHCLKFreq)
    HAL_RCC_GetPCLK1Freq                     0x08001ad5   Thumb Code    22  stm32f1xx_hal_rcc.o(i.HAL_RCC_GetPCLK1Freq)
    HAL_RCC_GetPCLK2Freq                     0x08001af5   Thumb Code    22  stm32f1xx_hal_rcc.o(i.HAL_RCC_GetPCLK2Freq)
    HAL_RCC_GetSysClockFreq                  0x08001b15   Thumb Code   116  stm32f1xx_hal_rcc.o(i.HAL_RCC_GetSysClockFreq)
    HAL_RCC_OscConfig                        0x08001ba9   Thumb Code  1114  stm32f1xx_hal_rcc.o(i.HAL_RCC_OscConfig)
    HAL_SRAM_Init                            0x0800200d   Thumb Code   102  stm32f1xx_hal_sram.o(i.HAL_SRAM_Init)
    HAL_SRAM_MspInit                         0x08002075   Thumb Code   130  lcd.o(i.HAL_SRAM_MspInit)
    HAL_SYSTICK_CLKSourceConfig              0x08002105   Thumb Code    40  stm32f1xx_hal_cortex.o(i.HAL_SYSTICK_CLKSourceConfig)
    HAL_SYSTICK_Config                       0x0800212d   Thumb Code    52  stm32f1xx_hal_cortex.o(i.HAL_SYSTICK_Config)
    HAL_TIMEx_BreakCallback                  0x08002161   Thumb Code     2  stm32f1xx_hal_tim_ex.o(i.HAL_TIMEx_BreakCallback)
    HAL_TIMEx_CommutCallback                 0x08002163   Thumb Code     2  stm32f1xx_hal_tim_ex.o(i.HAL_TIMEx_CommutCallback)
    HAL_TIM_IC_CaptureCallback               0x08002165   Thumb Code     2  stm32f1xx_hal_tim.o(i.HAL_TIM_IC_CaptureCallback)
    HAL_TIM_IRQHandler                       0x08002167   Thumb Code   406  stm32f1xx_hal_tim.o(i.HAL_TIM_IRQHandler)
    HAL_TIM_OC_DelayElapsedCallback          0x080022fd   Thumb Code     2  stm32f1xx_hal_tim.o(i.HAL_TIM_OC_DelayElapsedCallback)
    HAL_TIM_PWM_PulseFinishedCallback        0x080022ff   Thumb Code     2  stm32f1xx_hal_tim.o(i.HAL_TIM_PWM_PulseFinishedCallback)
    HAL_TIM_PeriodElapsedCallback            0x08002301   Thumb Code    24  btim.o(i.HAL_TIM_PeriodElapsedCallback)
    HAL_TIM_TriggerCallback                  0x08002321   Thumb Code     2  stm32f1xx_hal_tim.o(i.HAL_TIM_TriggerCallback)
    HAL_UART_ErrorCallback                   0x08002323   Thumb Code     2  stm32f1xx_hal_uart.o(i.HAL_UART_ErrorCallback)
    HAL_UART_IRQHandler                      0x08002325   Thumb Code   334  stm32f1xx_hal_uart.o(i.HAL_UART_IRQHandler)
    HAL_UART_Init                            0x08002479   Thumb Code   114  stm32f1xx_hal_uart.o(i.HAL_UART_Init)
    HAL_UART_MspInit                         0x080024ed   Thumb Code   168  usart.o(i.HAL_UART_MspInit)
    HAL_UART_Receive_IT                      0x080025a1   Thumb Code   112  stm32f1xx_hal_uart.o(i.HAL_UART_Receive_IT)
    HAL_UART_RxCpltCallback                  0x08002611   Thumb Code   134  usart.o(i.HAL_UART_RxCpltCallback)
    HAL_UART_TxCpltCallback                  0x080026ad   Thumb Code     2  stm32f1xx_hal_uart.o(i.HAL_UART_TxCpltCallback)
    HardFault_Handler                        0x080026af   Thumb Code     4  stm32f1xx_it.o(i.HardFault_Handler)
    MemManage_Handler                        0x080026b3   Thumb Code     4  stm32f1xx_it.o(i.MemManage_Handler)
    NMI_Handler                              0x080026b7   Thumb Code     2  stm32f1xx_it.o(i.NMI_Handler)
    SysTick_Handler                          0x080026e1   Thumb Code    20  delay.o(i.SysTick_Handler)
    SystemInit                               0x080026f5   Thumb Code     2  system_stm32f1xx.o(i.SystemInit)
    TIM6_IRQHandler                          0x080026f9   Thumb Code    10  btim.o(i.TIM6_IRQHandler)
    USART1_IRQHandler                        0x08002959   Thumb Code    10  usart.o(i.USART1_IRQHandler)
    UsageFault_Handler                       0x08002969   Thumb Code     4  stm32f1xx_it.o(i.UsageFault_Handler)
    _sys_exit                                0x080029a5   Thumb Code     4  usart.o(i._sys_exit)
    adc3_init                                0x080029a9   Thumb Code    68  adc3.o(i.adc3_init)
    adc_get_result                           0x080029f5   Thumb Code    26  adc3.o(i.adc_get_result)
    delay_init                               0x08002a15   Thumb Code    74  delay.o(i.delay_init)
    delay_ms                                 0x08002a65   Thumb Code    24  delay.o(i.delay_ms)
    delay_us                                 0x08002a7d   Thumb Code    68  delay.o(i.delay_us)
    fputc                                    0x08002ac5   Thumb Code    24  usart.o(i.fputc)
    freertos_demo                            0x08002ae1   Thumb Code    28  freertos_demo.o(i.freertos_demo)
    key_init                                 0x08002b11   Thumb Code   226  key.o(i.key_init)
    key_scan                                 0x08002c01   Thumb Code   184  key.o(i.key_scan)
    lcd_clear                                0x08002cc5   Thumb Code    42  lcd.o(i.lcd_clear)
    lcd_display_dir                          0x08002cf9   Thumb Code   360  lcd.o(i.lcd_display_dir)
    lcd_draw_hline                           0x08002e65   Thumb Code    52  lcd.o(i.lcd_draw_hline)
    lcd_draw_line                            0x08002e9d   Thumb Code   172  lcd.o(i.lcd_draw_line)
    lcd_draw_point                           0x08002f49   Thumb Code    26  lcd.o(i.lcd_draw_point)
    lcd_draw_rectangle                       0x08002f69   Thumb Code    74  lcd.o(i.lcd_draw_rectangle)
    lcd_ex_ili9341_reginit                   0x08002fb3   Thumb Code   556  lcd.o(i.lcd_ex_ili9341_reginit)
    lcd_ex_ili9806_reginit                   0x080031df   Thumb Code   832  lcd.o(i.lcd_ex_ili9806_reginit)
    lcd_ex_nt35310_reginit                   0x0800351f   Thumb Code  3826  lcd.o(i.lcd_ex_nt35310_reginit)
    lcd_ex_nt35510_reginit                   0x08004411   Thumb Code  3836  lcd.o(i.lcd_ex_nt35510_reginit)
    lcd_ex_ssd1963_reginit                   0x0800530d   Thumb Code   366  lcd.o(i.lcd_ex_ssd1963_reginit)
    lcd_ex_st7789_reginit                    0x0800547b   Thumb Code   424  lcd.o(i.lcd_ex_st7789_reginit)
    lcd_ex_st7796_reginit                    0x08005623   Thumb Code   454  lcd.o(i.lcd_ex_st7796_reginit)
    lcd_fill                                 0x080057e9   Thumb Code    80  lcd.o(i.lcd_fill)
    lcd_fill_circle                          0x0800583d   Thumb Code   176  lcd.o(i.lcd_fill_circle)
    lcd_init                                 0x080058ed   Thumb Code  1120  lcd.o(i.lcd_init)
    lcd_scan_dir                             0x08005d91   Thumb Code   568  lcd.o(i.lcd_scan_dir)
    lcd_set_cursor                           0x08005fcd   Thumb Code   282  lcd.o(i.lcd_set_cursor)
    lcd_show_char                            0x080060ed   Thumb Code   294  lcd.o(i.lcd_show_char)
    lcd_show_string                          0x0800622d   Thumb Code   106  lcd.o(i.lcd_show_string)
    lcd_show_xnum                            0x08006297   Thumb Code   198  lcd.o(i.lcd_show_xnum)
    lcd_ssd_backlight_set                    0x0800635d   Thumb Code    80  lcd.o(i.lcd_ssd_backlight_set)
    lcd_wr_data                              0x080063b1   Thumb Code    18  lcd.o(i.lcd_wr_data)
    lcd_wr_regno                             0x080063c9   Thumb Code    18  lcd.o(i.lcd_wr_regno)
    lcd_write_ram_prepare                    0x080063e1   Thumb Code    10  lcd.o(i.lcd_write_ram_prepare)
    lcd_write_reg                            0x080063f5   Thumb Code    10  lcd.o(i.lcd_write_reg)
    led_init                                 0x08006405   Thumb Code   132  led.o(i.led_init)
    lsens_get_val                            0x08006495   Thumb Code    28  adc3.o(i.lsens_get_val)
    main                                     0x080064b1   Thumb Code    68  main.o(i.main)
    my_mem_init                              0x080064f5   Thumb Code    38  malloc.o(i.my_mem_init)
    my_mem_perused                           0x08006525   Thumb Code    56  malloc.o(i.my_mem_perused)
    my_mem_set                               0x08006565   Thumb Code    20  malloc.o(i.my_mem_set)
    pvPortMalloc                             0x08007139   Thumb Code   306  heap_4.o(i.pvPortMalloc)
    pxPortInitialiseStack                    0x080072cd   Thumb Code    30  port.o(i.pxPortInitialiseStack)
    sram_init                                0x080072f1   Thumb Code   422  sram.o(i.sram_init)
    start_task                               0x080074b5   Thumb Code    80  freertos_demo.o(i.start_task)
    sys_stm32_clock_init                     0x08007535   Thumb Code    86  sys.o(i.sys_stm32_clock_init)
    task1                                    0x0800758d   Thumb Code    38  freertos_demo.o(i.task1)
    task2                                    0x080075c5   Thumb Code   246  freertos_demo.o(i.task2)
    task3                                    0x0800771d   Thumb Code   288  freertos_demo.o(i.task3)
    usart_init                               0x08007865   Thumb Code    44  usart.o(i.usart_init)
    uxListRemove                             0x0800789d   Thumb Code    40  list.o(i.uxListRemove)
    vListInitialise                          0x080078c5   Thumb Code    26  list.o(i.vListInitialise)
    vListInitialiseItem                      0x080078df   Thumb Code     6  list.o(i.vListInitialiseItem)
    vListInsert                              0x080078e5   Thumb Code    52  list.o(i.vListInsert)
    vListInsertEnd                           0x08007919   Thumb Code    24  list.o(i.vListInsertEnd)
    vPortEnterCritical                       0x08007931   Thumb Code    68  port.o(i.vPortEnterCritical)
    vPortExitCritical                        0x080079c5   Thumb Code    48  port.o(i.vPortExitCritical)
    vPortFree                                0x08007a41   Thumb Code   130  heap_4.o(i.vPortFree)
    vPortSetupTimerInterrupt                 0x08007b19   Thumb Code    38  port.o(i.vPortSetupTimerInterrupt)
    vQueueAddToRegistry                      0x08007b45   Thumb Code    84  queue.o(i.vQueueAddToRegistry)
    vQueueWaitForMessageRestricted           0x08007bd1   Thumb Code    74  queue.o(i.vQueueWaitForMessageRestricted)
    vTaskDelay                               0x08007c1d   Thumb Code    72  tasks.o(i.vTaskDelay)
    vTaskDelete                              0x08007ca1   Thumb Code   200  tasks.o(i.vTaskDelete)
    vTaskInternalSetTimeOutState             0x08007dc5   Thumb Code    14  tasks.o(i.vTaskInternalSetTimeOutState)
    vTaskMissedYield                         0x08007ddd   Thumb Code     8  tasks.o(i.vTaskMissedYield)
    vTaskPlaceOnEventList                    0x08007de9   Thumb Code    42  tasks.o(i.vTaskPlaceOnEventList)
    vTaskPlaceOnEventListRestricted          0x08007e4d   Thumb Code    84  tasks.o(i.vTaskPlaceOnEventListRestricted)
    vTaskResume                              0x08007ed9   Thumb Code   170  tasks.o(i.vTaskResume)
    vTaskStartScheduler                      0x08007fc9   Thumb Code   112  tasks.o(i.vTaskStartScheduler)
    vTaskSuspend                             0x0800808d   Thumb Code   214  tasks.o(i.vTaskSuspend)
    vTaskSuspendAll                          0x080081b9   Thumb Code    12  tasks.o(i.vTaskSuspendAll)
    vTaskSwitchContext                       0x080081c9   Thumb Code   110  tasks.o(i.vTaskSwitchContext)
    xPortStartScheduler                      0x08008281   Thumb Code   240  port.o(i.xPortStartScheduler)
    xPortSysTickHandler                      0x080083cd   Thumb Code    46  port.o(i.xPortSysTickHandler)
    xQueueGenericCreate                      0x08008401   Thumb Code    92  queue.o(i.xQueueGenericCreate)
    xQueueGenericReset                       0x08008491   Thumb Code   194  queue.o(i.xQueueGenericReset)
    xQueueReceive                            0x0800858d   Thumb Code   326  queue.o(i.xQueueReceive)
    xTaskCheckForTimeOut                     0x0800870d   Thumb Code   140  tasks.o(i.xTaskCheckForTimeOut)
    xTaskCreate                              0x080087d9   Thumb Code    96  tasks.o(i.xTaskCreate)
    xTaskGetSchedulerState                   0x08008839   Thumb Code    24  tasks.o(i.xTaskGetSchedulerState)
    xTaskGetTickCount                        0x08008859   Thumb Code     6  tasks.o(i.xTaskGetTickCount)
    xTaskIncrementTick                       0x08008865   Thumb Code   390  tasks.o(i.xTaskIncrementTick)
    xTaskPriorityDisinherit                  0x08008a4d   Thumb Code   206  tasks.o(i.xTaskPriorityDisinherit)
    xTaskRemoveFromEventList                 0x08008b5d   Thumb Code   254  tasks.o(i.xTaskRemoveFromEventList)
    xTaskResumeAll                           0x08008ca9   Thumb Code   328  tasks.o(i.xTaskResumeAll)
    xTimerCreateTimerTask                    0x08008e49   Thumb Code    56  timers.o(i.xTimerCreateTimerTask)
    __aeabi_d2uiz                            0x08008ec9   Thumb Code     0  dfixu.o(x$fpl$dfixu)
    _dfixu                                   0x08008ec9   Thumb Code    90  dfixu.o(x$fpl$dfixu)
    __aeabi_ui2d                             0x08008f23   Thumb Code     0  dflt_clz.o(x$fpl$dfltu)
    _dfltu                                   0x08008f23   Thumb Code    38  dflt_clz.o(x$fpl$dfltu)
    __aeabi_dmul                             0x08008f49   Thumb Code     0  dmul.o(x$fpl$dmul)
    _dmul                                    0x08008f49   Thumb Code   332  dmul.o(x$fpl$dmul)
    __fpl_dnaninf                            0x0800909d   Thumb Code   156  dnaninf.o(x$fpl$dnaninf)
    __fpl_dretinf                            0x08009139   Thumb Code    12  dretinf.o(x$fpl$dretinf)
    AHBPrescTable                            0x08009144   Data          16  system_stm32f1xx.o(.constdata)
    __I$use$fp                               0x08009144   Number         0  usenofp.o(x$fpl$usenofp)
    APBPrescTable                            0x08009154   Data           8  system_stm32f1xx.o(.constdata)
    asc2_1206                                0x0800915c   Data        1140  lcd.o(.constdata)
    asc2_1608                                0x080095d0   Data        1520  lcd.o(.constdata)
    asc2_2412                                0x08009bc0   Data        3420  lcd.o(.constdata)
    asc2_3216                                0x0800a91c   Data        6080  lcd.o(.constdata)
    memtblsize                               0x0800c0dc   Data           8  malloc.o(.constdata)
    memblksize                               0x0800c0e4   Data           8  malloc.o(.constdata)
    memsize                                  0x0800c0ec   Data           8  malloc.o(.constdata)
    Region$$Table$$Base                      0x0800c11c   Number         0  anon$$obj.o(Region$$Table)
    Region$$Table$$Limit                     0x0800c13c   Number         0  anon$$obj.o(Region$$Table)
    SystemCoreClock                          0x20000000   Data           4  system_stm32f1xx.o(.data)
    adcx                                     0x20000004   Data           2  freertos_demo.o(.data)
    start_task_handler                       0x20000008   Data           4  freertos_demo.o(.data)
    task1_handler                            0x2000000c   Data           4  freertos_demo.o(.data)
    task2_handler                            0x20000010   Data           4  freertos_demo.o(.data)
    task3_handler                            0x20000014   Data           4  freertos_demo.o(.data)
    __stdout                                 0x2000001c   Data           4  usart.o(.data)
    g_usart_rx_sta                           0x20000020   Data           2  usart.o(.data)
    g_rx_buffer                              0x20000022   Data           1  usart.o(.data)
    uwTick                                   0x20000024   Data           4  stm32f1xx_hal.o(.data)
    uwTickPrio                               0x20000028   Data           4  stm32f1xx_hal.o(.data)
    uwTickFreq                               0x2000002c   Data           1  stm32f1xx_hal.o(.data)
    g_point_color                            0x20000030   Data           4  lcd.o(.data)
    g_back_color                             0x20000034   Data           4  lcd.o(.data)
    mallco_dev                               0x2000003c   Data          28  malloc.o(.data)
    pxCurrentTCB                             0x20000058   Data           4  tasks.o(.data)
    uxTopUsedPriority                        0x20000090   Data           4  tasks.o(.data)
    g_usart_rx_buf                           0x200000d8   Data         200  usart.o(.bss)
    g_uart1_handle                           0x200001a0   Data          64  usart.o(.bss)
    g_sram_handle                            0x200001e0   Data          72  lcd.o(.bss)
    lcddev                                   0x20000228   Data          14  lcd.o(.bss)
    g_sram_handler                           0x20000238   Data          72  sram.o(.bss)
    g_timx_handle                            0x20000280   Data          72  btim.o(.bss)
    g_adc_handle                             0x200002c8   Data          48  adc3.o(.bss)
    xQueueRegistry                           0x20008280   Data          64  queue.o(.bss)
    __libspace_start                         0x2000adcc   Data          96  libspace.o(.bss)
    __temporary_stack_top$libspace           0x2000ae2c   Data           0  libspace.o(.bss)



==============================================================================

Memory Map of the image

  Image Entry point : 0x08000131

  Load Region LR_IROM1 (Base: 0x08000000, Size: 0x0000c214, Max: 0x00080000, ABSOLUTE)

    Execution Region ER_IROM1 (Exec base: 0x08000000, Load base: 0x08000000, Size: 0x0000c13c, Max: 0x00080000, ABSOLUTE)

    Exec Addr    Load Addr    Size         Type   Attr      Idx    E Section Name        Object

    0x08000000   0x08000000   0x00000130   Data   RO            3    RESET               startup_stm32f103xe.o
    0x08000130   0x08000130   0x00000008   Code   RO         5632  * !!!main             c_w.l(__main.o)
    0x08000138   0x08000138   0x00000034   Code   RO         5820    !!!scatter          c_w.l(__scatter.o)
    0x0800016c   0x0800016c   0x0000001a   Code   RO         5822    !!handler_copy      c_w.l(__scatter_copy.o)
    0x08000186   0x08000186   0x00000002   PAD
    0x08000188   0x08000188   0x0000001c   Code   RO         5824    !!handler_zi        c_w.l(__scatter_zi.o)
    0x080001a4   0x080001a4   0x00000000   Code   RO         5617    .ARM.Collect$$_printf_percent$$00000000  c_w.l(_printf_percent.o)
    0x080001a4   0x080001a4   0x00000006   Code   RO         5615    .ARM.Collect$$_printf_percent$$00000009  c_w.l(_printf_d.o)
    0x080001aa   0x080001aa   0x00000006   Code   RO         5614    .ARM.Collect$$_printf_percent$$0000000C  c_w.l(_printf_x.o)
    0x080001b0   0x080001b0   0x00000006   Code   RO         5613    .ARM.Collect$$_printf_percent$$00000014  c_w.l(_printf_s.o)
    0x080001b6   0x080001b6   0x00000004   Code   RO         5659    .ARM.Collect$$_printf_percent$$00000017  c_w.l(_printf_percent_end.o)
    0x080001ba   0x080001ba   0x00000002   Code   RO         5699    .ARM.Collect$$libinit$$00000000  c_w.l(libinit.o)
    0x080001bc   0x080001bc   0x00000000   Code   RO         5706    .ARM.Collect$$libinit$$00000002  c_w.l(libinit2.o)
    0x080001bc   0x080001bc   0x00000000   Code   RO         5708    .ARM.Collect$$libinit$$00000004  c_w.l(libinit2.o)
    0x080001bc   0x080001bc   0x00000000   Code   RO         5711    .ARM.Collect$$libinit$$0000000A  c_w.l(libinit2.o)
    0x080001bc   0x080001bc   0x00000000   Code   RO         5713    .ARM.Collect$$libinit$$0000000C  c_w.l(libinit2.o)
    0x080001bc   0x080001bc   0x00000000   Code   RO         5715    .ARM.Collect$$libinit$$0000000E  c_w.l(libinit2.o)
    0x080001bc   0x080001bc   0x00000000   Code   RO         5718    .ARM.Collect$$libinit$$00000011  c_w.l(libinit2.o)
    0x080001bc   0x080001bc   0x00000000   Code   RO         5720    .ARM.Collect$$libinit$$00000013  c_w.l(libinit2.o)
    0x080001bc   0x080001bc   0x00000000   Code   RO         5722    .ARM.Collect$$libinit$$00000015  c_w.l(libinit2.o)
    0x080001bc   0x080001bc   0x00000000   Code   RO         5724    .ARM.Collect$$libinit$$00000017  c_w.l(libinit2.o)
    0x080001bc   0x080001bc   0x00000000   Code   RO         5726    .ARM.Collect$$libinit$$00000019  c_w.l(libinit2.o)
    0x080001bc   0x080001bc   0x00000000   Code   RO         5728    .ARM.Collect$$libinit$$0000001B  c_w.l(libinit2.o)
    0x080001bc   0x080001bc   0x00000000   Code   RO         5730    .ARM.Collect$$libinit$$0000001D  c_w.l(libinit2.o)
    0x080001bc   0x080001bc   0x00000000   Code   RO         5732    .ARM.Collect$$libinit$$0000001F  c_w.l(libinit2.o)
    0x080001bc   0x080001bc   0x00000000   Code   RO         5734    .ARM.Collect$$libinit$$00000021  c_w.l(libinit2.o)
    0x080001bc   0x080001bc   0x00000000   Code   RO         5736    .ARM.Collect$$libinit$$00000023  c_w.l(libinit2.o)
    0x080001bc   0x080001bc   0x00000000   Code   RO         5738    .ARM.Collect$$libinit$$00000025  c_w.l(libinit2.o)
    0x080001bc   0x080001bc   0x00000000   Code   RO         5742    .ARM.Collect$$libinit$$0000002C  c_w.l(libinit2.o)
    0x080001bc   0x080001bc   0x00000000   Code   RO         5744    .ARM.Collect$$libinit$$0000002E  c_w.l(libinit2.o)
    0x080001bc   0x080001bc   0x00000000   Code   RO         5746    .ARM.Collect$$libinit$$00000030  c_w.l(libinit2.o)
    0x080001bc   0x080001bc   0x00000000   Code   RO         5748    .ARM.Collect$$libinit$$00000032  c_w.l(libinit2.o)
    0x080001bc   0x080001bc   0x00000002   Code   RO         5749    .ARM.Collect$$libinit$$00000033  c_w.l(libinit2.o)
    0x080001be   0x080001be   0x00000002   Code   RO         5767    .ARM.Collect$$libshutdown$$00000000  c_w.l(libshutdown.o)
    0x080001c0   0x080001c0   0x00000000   Code   RO         5775    .ARM.Collect$$libshutdown$$00000002  c_w.l(libshutdown2.o)
    0x080001c0   0x080001c0   0x00000000   Code   RO         5777    .ARM.Collect$$libshutdown$$00000004  c_w.l(libshutdown2.o)
    0x080001c0   0x080001c0   0x00000000   Code   RO         5780    .ARM.Collect$$libshutdown$$00000007  c_w.l(libshutdown2.o)
    0x080001c0   0x080001c0   0x00000000   Code   RO         5783    .ARM.Collect$$libshutdown$$0000000A  c_w.l(libshutdown2.o)
    0x080001c0   0x080001c0   0x00000000   Code   RO         5785    .ARM.Collect$$libshutdown$$0000000C  c_w.l(libshutdown2.o)
    0x080001c0   0x080001c0   0x00000000   Code   RO         5788    .ARM.Collect$$libshutdown$$0000000F  c_w.l(libshutdown2.o)
    0x080001c0   0x080001c0   0x00000002   Code   RO         5789    .ARM.Collect$$libshutdown$$00000010  c_w.l(libshutdown2.o)
    0x080001c2   0x080001c2   0x00000000   Code   RO         5648    .ARM.Collect$$rtentry$$00000000  c_w.l(__rtentry.o)
    0x080001c2   0x080001c2   0x00000000   Code   RO         5670    .ARM.Collect$$rtentry$$00000002  c_w.l(__rtentry2.o)
    0x080001c2   0x080001c2   0x00000006   Code   RO         5682    .ARM.Collect$$rtentry$$00000004  c_w.l(__rtentry4.o)
    0x080001c8   0x080001c8   0x00000000   Code   RO         5672    .ARM.Collect$$rtentry$$00000009  c_w.l(__rtentry2.o)
    0x080001c8   0x080001c8   0x00000004   Code   RO         5673    .ARM.Collect$$rtentry$$0000000A  c_w.l(__rtentry2.o)
    0x080001cc   0x080001cc   0x00000000   Code   RO         5675    .ARM.Collect$$rtentry$$0000000C  c_w.l(__rtentry2.o)
    0x080001cc   0x080001cc   0x00000008   Code   RO         5676    .ARM.Collect$$rtentry$$0000000D  c_w.l(__rtentry2.o)
    0x080001d4   0x080001d4   0x00000002   Code   RO         5703    .ARM.Collect$$rtexit$$00000000  c_w.l(rtexit.o)
    0x080001d6   0x080001d6   0x00000000   Code   RO         5751    .ARM.Collect$$rtexit$$00000002  c_w.l(rtexit2.o)
    0x080001d6   0x080001d6   0x00000004   Code   RO         5752    .ARM.Collect$$rtexit$$00000003  c_w.l(rtexit2.o)
    0x080001da   0x080001da   0x00000006   Code   RO         5753    .ARM.Collect$$rtexit$$00000004  c_w.l(rtexit2.o)
    0x080001e0   0x080001e0   0x00000096   Code   RO         5467    .emb_text           port.o
    0x08000276   0x08000276   0x00000002   PAD
    0x08000278   0x08000278   0x00000040   Code   RO            4    .text               startup_stm32f103xe.o
    0x080002b8   0x080002b8   0x00000002   Code   RO         5555    .text               c_w.l(use_no_semi_2.o)
    0x080002ba   0x080002ba   0x00000002   PAD
    0x080002bc   0x080002bc   0x00000018   Code   RO         5561    .text               c_w.l(noretval__2printf.o)
    0x080002d4   0x080002d4   0x00000068   Code   RO         5565    .text               c_w.l(__printf.o)
    0x0800033c   0x0800033c   0x00000052   Code   RO         5567    .text               c_w.l(_printf_str.o)
    0x0800038e   0x0800038e   0x00000002   PAD
    0x08000390   0x08000390   0x00000078   Code   RO         5569    .text               c_w.l(_printf_dec.o)
    0x08000408   0x08000408   0x00000058   Code   RO         5574    .text               c_w.l(_printf_hex_int.o)
    0x08000460   0x08000460   0x0000008a   Code   RO         5622    .text               c_w.l(rt_memcpy_v6.o)
    0x080004ea   0x080004ea   0x00000010   Code   RO         5626    .text               c_w.l(aeabi_memset.o)
    0x080004fa   0x080004fa   0x0000004e   Code   RO         5628    .text               c_w.l(rt_memclr_w.o)
    0x08000548   0x08000548   0x00000006   Code   RO         5630    .text               c_w.l(heapauxi.o)
    0x0800054e   0x0800054e   0x00000002   Code   RO         5646    .text               c_w.l(use_no_semi.o)
    0x08000550   0x08000550   0x000000b2   Code   RO         5649    .text               c_w.l(_printf_intcommon.o)
    0x08000602   0x08000602   0x00000002   PAD
    0x08000604   0x08000604   0x00000030   Code   RO         5651    .text               c_w.l(_printf_char_common.o)
    0x08000634   0x08000634   0x0000002c   Code   RO         5655    .text               c_w.l(_printf_char.o)
    0x08000660   0x08000660   0x00000024   Code   RO         5657    .text               c_w.l(_printf_char_file.o)
    0x08000684   0x08000684   0x00000064   Code   RO         5660    .text               c_w.l(rt_memcpy_w.o)
    0x080006e8   0x080006e8   0x00000044   Code   RO         5662    .text               c_w.l(rt_memclr.o)
    0x0800072c   0x0800072c   0x00000008   Code   RO         5686    .text               c_w.l(ferror.o)
    0x08000734   0x08000734   0x0000004a   Code   RO         5690    .text               c_w.l(sys_stackheap_outer.o)
    0x0800077e   0x0800077e   0x00000012   Code   RO         5692    .text               c_w.l(exit.o)
    0x08000790   0x08000790   0x00000008   Code   RO         5700    .text               c_w.l(libspace.o)
    0x08000798   0x08000798   0x00000052   Code   RO         3350    i.ADC_ConversionStop_Disable  stm32f1xx_hal_adc.o
    0x080007ea   0x080007ea   0x00000002   PAD
    0x080007ec   0x080007ec   0x00000084   Code   RO         3354    i.ADC_Enable        stm32f1xx_hal_adc.o
    0x08000870   0x08000870   0x00000004   Code   RO          290    i.BusFault_Handler  stm32f1xx_it.o
    0x08000874   0x08000874   0x00000002   Code   RO          291    i.DebugMon_Handler  stm32f1xx_it.o
    0x08000876   0x08000876   0x00000002   PAD
    0x08000878   0x08000878   0x00000044   Code   RO         2248    i.FSMC_NORSRAM_Extended_Timing_Init  stm32f1xx_ll_fsmc.o
    0x080008bc   0x080008bc   0x00000078   Code   RO         2249    i.FSMC_NORSRAM_Init  stm32f1xx_ll_fsmc.o
    0x08000934   0x08000934   0x00000042   Code   RO         2250    i.FSMC_NORSRAM_Timing_Init  stm32f1xx_ll_fsmc.o
    0x08000976   0x08000976   0x00000002   PAD
    0x08000978   0x08000978   0x00000104   Code   RO         3530    i.HAL_ADCEx_Calibration_Start  stm32f1xx_hal_adc_ex.o
    0x08000a7c   0x08000a7c   0x00000160   Code   RO         3356    i.HAL_ADC_ConfigChannel  stm32f1xx_hal_adc.o
    0x08000bdc   0x08000bdc   0x00000008   Code   RO         3363    i.HAL_ADC_GetValue  stm32f1xx_hal_adc.o
    0x08000be4   0x08000be4   0x00000160   Code   RO         3365    i.HAL_ADC_Init      stm32f1xx_hal_adc.o
    0x08000d44   0x08000d44   0x0000007c   Code   RO         4038    i.HAL_ADC_MspInit   adc3.o
    0x08000dc0   0x08000dc0   0x00000170   Code   RO         3369    i.HAL_ADC_PollForConversion  stm32f1xx_hal_adc.o
    0x08000f30   0x08000f30   0x00000130   Code   RO         3371    i.HAL_ADC_Start     stm32f1xx_hal_adc.o
    0x08001060   0x08001060   0x000001a8   Code   RO         1045    i.HAL_DMA_Abort_IT  stm32f1xx_hal_dma.o
    0x08001208   0x08001208   0x00000340   Code   RO         1141    i.HAL_GPIO_Init     stm32f1xx_hal_gpio.o
    0x08001548   0x08001548   0x00000010   Code   RO         1143    i.HAL_GPIO_ReadPin  stm32f1xx_hal_gpio.o
    0x08001558   0x08001558   0x00000014   Code   RO         1144    i.HAL_GPIO_TogglePin  stm32f1xx_hal_gpio.o
    0x0800156c   0x0800156c   0x0000000c   Code   RO         1145    i.HAL_GPIO_WritePin  stm32f1xx_hal_gpio.o
    0x08001578   0x08001578   0x0000000c   Code   RO          758    i.HAL_GetTick       stm32f1xx_hal.o
    0x08001584   0x08001584   0x00000018   Code   RO          764    i.HAL_IncTick       stm32f1xx_hal.o
    0x0800159c   0x0800159c   0x00000028   Code   RO          765    i.HAL_Init          stm32f1xx_hal.o
    0x080015c4   0x080015c4   0x0000004c   Code   RO          766    i.HAL_InitTick      stm32f1xx_hal.o
    0x08001610   0x08001610   0x00000002   Code   RO          768    i.HAL_MspInit       stm32f1xx_hal.o
    0x08001612   0x08001612   0x00000020   Code   RO          923    i.HAL_NVIC_EnableIRQ  stm32f1xx_hal_cortex.o
    0x08001632   0x08001632   0x0000007c   Code   RO          929    i.HAL_NVIC_SetPriority  stm32f1xx_hal_cortex.o
    0x080016ae   0x080016ae   0x00000002   PAD
    0x080016b0   0x080016b0   0x00000028   Code   RO          930    i.HAL_NVIC_SetPriorityGrouping  stm32f1xx_hal_cortex.o
    0x080016d8   0x080016d8   0x00000134   Code   RO         1473    i.HAL_RCCEx_GetPeriphCLKFreq  stm32f1xx_hal_rcc_ex.o
    0x0800180c   0x0800180c   0x00000130   Code   RO         1474    i.HAL_RCCEx_PeriphCLKConfig  stm32f1xx_hal_rcc_ex.o
    0x0800193c   0x0800193c   0x0000018c   Code   RO         1366    i.HAL_RCC_ClockConfig  stm32f1xx_hal_rcc.o
    0x08001ac8   0x08001ac8   0x0000000c   Code   RO         1371    i.HAL_RCC_GetHCLKFreq  stm32f1xx_hal_rcc.o
    0x08001ad4   0x08001ad4   0x00000020   Code   RO         1373    i.HAL_RCC_GetPCLK1Freq  stm32f1xx_hal_rcc.o
    0x08001af4   0x08001af4   0x00000020   Code   RO         1374    i.HAL_RCC_GetPCLK2Freq  stm32f1xx_hal_rcc.o
    0x08001b14   0x08001b14   0x00000094   Code   RO         1375    i.HAL_RCC_GetSysClockFreq  stm32f1xx_hal_rcc.o
    0x08001ba8   0x08001ba8   0x00000464   Code   RO         1378    i.HAL_RCC_OscConfig  stm32f1xx_hal_rcc.o
    0x0800200c   0x0800200c   0x00000066   Code   RO         2109    i.HAL_SRAM_Init     stm32f1xx_hal_sram.o
    0x08002072   0x08002072   0x00000002   PAD
    0x08002074   0x08002074   0x00000090   Code   RO         3650    i.HAL_SRAM_MspInit  lcd.o
    0x08002104   0x08002104   0x00000028   Code   RO          932    i.HAL_SYSTICK_CLKSourceConfig  stm32f1xx_hal_cortex.o
    0x0800212c   0x0800212c   0x00000034   Code   RO          934    i.HAL_SYSTICK_Config  stm32f1xx_hal_cortex.o
    0x08002160   0x08002160   0x00000002   Code   RO         3083    i.HAL_TIMEx_BreakCallback  stm32f1xx_hal_tim_ex.o
    0x08002162   0x08002162   0x00000002   Code   RO         3084    i.HAL_TIMEx_CommutCallback  stm32f1xx_hal_tim_ex.o
    0x08002164   0x08002164   0x00000002   Code   RO         2402    i.HAL_TIM_IC_CaptureCallback  stm32f1xx_hal_tim.o
    0x08002166   0x08002166   0x00000196   Code   RO         2416    i.HAL_TIM_IRQHandler  stm32f1xx_hal_tim.o
    0x080022fc   0x080022fc   0x00000002   Code   RO         2419    i.HAL_TIM_OC_DelayElapsedCallback  stm32f1xx_hal_tim.o
    0x080022fe   0x080022fe   0x00000002   Code   RO         2446    i.HAL_TIM_PWM_PulseFinishedCallback  stm32f1xx_hal_tim.o
    0x08002300   0x08002300   0x00000020   Code   RO         3996    i.HAL_TIM_PeriodElapsedCallback  btim.o
    0x08002320   0x08002320   0x00000002   Code   RO         2459    i.HAL_TIM_TriggerCallback  stm32f1xx_hal_tim.o
    0x08002322   0x08002322   0x00000002   Code   RO         1529    i.HAL_UART_ErrorCallback  stm32f1xx_hal_uart.o
    0x08002324   0x08002324   0x00000154   Code   RO         1532    i.HAL_UART_IRQHandler  stm32f1xx_hal_uart.o
    0x08002478   0x08002478   0x00000072   Code   RO         1533    i.HAL_UART_Init     stm32f1xx_hal_uart.o
    0x080024ea   0x080024ea   0x00000002   PAD
    0x080024ec   0x080024ec   0x000000b4   Code   RO          670    i.HAL_UART_MspInit  usart.o
    0x080025a0   0x080025a0   0x00000070   Code   RO         1538    i.HAL_UART_Receive_IT  stm32f1xx_hal_uart.o
    0x08002610   0x08002610   0x0000009c   Code   RO          671    i.HAL_UART_RxCpltCallback  usart.o
    0x080026ac   0x080026ac   0x00000002   Code   RO         1544    i.HAL_UART_TxCpltCallback  stm32f1xx_hal_uart.o
    0x080026ae   0x080026ae   0x00000004   Code   RO          292    i.HardFault_Handler  stm32f1xx_it.o
    0x080026b2   0x080026b2   0x00000004   Code   RO          293    i.MemManage_Handler  stm32f1xx_it.o
    0x080026b6   0x080026b6   0x00000002   Code   RO          294    i.NMI_Handler       stm32f1xx_it.o
    0x080026b8   0x080026b8   0x00000028   Code   RO         1379    i.RCC_Delay         stm32f1xx_hal_rcc.o
    0x080026e0   0x080026e0   0x00000014   Code   RO          553    i.SysTick_Handler   delay.o
    0x080026f4   0x080026f4   0x00000002   Code   RO          254    i.SystemInit        system_stm32f1xx.o
    0x080026f6   0x080026f6   0x00000002   PAD
    0x080026f8   0x080026f8   0x00000010   Code   RO         3997    i.TIM6_IRQHandler   btim.o
    0x08002708   0x08002708   0x00000014   Code   RO         1546    i.UART_DMAAbortOnError  stm32f1xx_hal_uart.o
    0x0800271c   0x0800271c   0x00000020   Code   RO         1556    i.UART_EndRxTransfer  stm32f1xx_hal_uart.o
    0x0800273c   0x0800273c   0x00000020   Code   RO         1557    i.UART_EndTransmit_IT  stm32f1xx_hal_uart.o
    0x0800275c   0x0800275c   0x000000a0   Code   RO         1559    i.UART_Receive_IT   stm32f1xx_hal_uart.o
    0x080027fc   0x080027fc   0x000000fc   Code   RO         1560    i.UART_SetConfig    stm32f1xx_hal_uart.o
    0x080028f8   0x080028f8   0x00000060   Code   RO         1561    i.UART_Transmit_IT  stm32f1xx_hal_uart.o
    0x08002958   0x08002958   0x00000010   Code   RO          672    i.USART1_IRQHandler  usart.o
    0x08002968   0x08002968   0x00000004   Code   RO          295    i.UsageFault_Handler  stm32f1xx_it.o
    0x0800296c   0x0800296c   0x00000010   Code   RO          936    i.__NVIC_GetPriorityGrouping  stm32f1xx_hal_cortex.o
    0x0800297c   0x0800297c   0x00000028   Code   RO          937    i.__NVIC_SetPriority  stm32f1xx_hal_cortex.o
    0x080029a4   0x080029a4   0x00000004   Code   RO          674    i._sys_exit         usart.o
    0x080029a8   0x080029a8   0x0000004c   Code   RO         4039    i.adc3_init         adc3.o
    0x080029f4   0x080029f4   0x00000020   Code   RO         4040    i.adc_get_result    adc3.o
    0x08002a14   0x08002a14   0x00000050   Code   RO          554    i.delay_init        delay.o
    0x08002a64   0x08002a64   0x00000018   Code   RO          555    i.delay_ms          delay.o
    0x08002a7c   0x08002a7c   0x00000048   Code   RO          556    i.delay_us          delay.o
    0x08002ac4   0x08002ac4   0x0000001c   Code   RO          676    i.fputc             usart.o
    0x08002ae0   0x08002ae0   0x00000030   Code   RO          475    i.freertos_demo     freertos_demo.o
    0x08002b10   0x08002b10   0x000000f0   Code   RO         3911    i.key_init          key.o
    0x08002c00   0x08002c00   0x000000c4   Code   RO         3912    i.key_scan          key.o
    0x08002cc4   0x08002cc4   0x00000034   Code   RO         3651    i.lcd_clear         lcd.o
    0x08002cf8   0x08002cf8   0x0000016c   Code   RO         3653    i.lcd_display_dir   lcd.o
    0x08002e64   0x08002e64   0x00000038   Code   RO         3657    i.lcd_draw_hline    lcd.o
    0x08002e9c   0x08002e9c   0x000000ac   Code   RO         3658    i.lcd_draw_line     lcd.o
    0x08002f48   0x08002f48   0x00000020   Code   RO         3659    i.lcd_draw_point    lcd.o
    0x08002f68   0x08002f68   0x0000004a   Code   RO         3660    i.lcd_draw_rectangle  lcd.o
    0x08002fb2   0x08002fb2   0x0000022c   Code   RO         3661    i.lcd_ex_ili9341_reginit  lcd.o
    0x080031de   0x080031de   0x00000340   Code   RO         3662    i.lcd_ex_ili9806_reginit  lcd.o
    0x0800351e   0x0800351e   0x00000ef2   Code   RO         3663    i.lcd_ex_nt35310_reginit  lcd.o
    0x08004410   0x08004410   0x00000efc   Code   RO         3664    i.lcd_ex_nt35510_reginit  lcd.o
    0x0800530c   0x0800530c   0x0000016e   Code   RO         3665    i.lcd_ex_ssd1963_reginit  lcd.o
    0x0800547a   0x0800547a   0x000001a8   Code   RO         3666    i.lcd_ex_st7789_reginit  lcd.o
    0x08005622   0x08005622   0x000001c6   Code   RO         3667    i.lcd_ex_st7796_reginit  lcd.o
    0x080057e8   0x080057e8   0x00000054   Code   RO         3668    i.lcd_fill          lcd.o
    0x0800583c   0x0800583c   0x000000b0   Code   RO         3669    i.lcd_fill_circle   lcd.o
    0x080058ec   0x080058ec   0x00000468   Code   RO         3670    i.lcd_init          lcd.o
    0x08005d54   0x08005d54   0x0000000c   Code   RO         3671    i.lcd_opt_delay     lcd.o
    0x08005d60   0x08005d60   0x00000016   Code   RO         3672    i.lcd_pow           lcd.o
    0x08005d76   0x08005d76   0x00000002   PAD
    0x08005d78   0x08005d78   0x00000018   Code   RO         3673    i.lcd_rd_data       lcd.o
    0x08005d90   0x08005d90   0x0000023c   Code   RO         3675    i.lcd_scan_dir      lcd.o
    0x08005fcc   0x08005fcc   0x00000120   Code   RO         3676    i.lcd_set_cursor    lcd.o
    0x080060ec   0x080060ec   0x00000140   Code   RO         3678    i.lcd_show_char     lcd.o
    0x0800622c   0x0800622c   0x0000006a   Code   RO         3680    i.lcd_show_string   lcd.o
    0x08006296   0x08006296   0x000000c6   Code   RO         3681    i.lcd_show_xnum     lcd.o
    0x0800635c   0x0800635c   0x00000054   Code   RO         3682    i.lcd_ssd_backlight_set  lcd.o
    0x080063b0   0x080063b0   0x00000018   Code   RO         3683    i.lcd_wr_data       lcd.o
    0x080063c8   0x080063c8   0x00000018   Code   RO         3684    i.lcd_wr_regno      lcd.o
    0x080063e0   0x080063e0   0x00000014   Code   RO         3685    i.lcd_write_ram_prepare  lcd.o
    0x080063f4   0x080063f4   0x00000010   Code   RO         3686    i.lcd_write_reg     lcd.o
    0x08006404   0x08006404   0x00000090   Code   RO         3626    i.led_init          led.o
    0x08006494   0x08006494   0x0000001c   Code   RO         4041    i.lsens_get_val     adc3.o
    0x080064b0   0x080064b0   0x00000044   Code   RO           13    i.main              main.o
    0x080064f4   0x080064f4   0x00000030   Code   RO         4085    i.my_mem_init       malloc.o
    0x08006524   0x08006524   0x00000040   Code   RO         4087    i.my_mem_perused    malloc.o
    0x08006564   0x08006564   0x00000014   Code   RO         4088    i.my_mem_set        malloc.o
    0x08006578   0x08006578   0x000000cc   Code   RO         4798    i.prvAddCurrentTaskToDelayedList  tasks.o
    0x08006644   0x08006644   0x000000ec   Code   RO         4799    i.prvAddNewTaskToReadyList  tasks.o
    0x08006730   0x08006730   0x00000064   Code   RO         5223    i.prvCheckForValidListAndQueue  timers.o
    0x08006794   0x08006794   0x00000048   Code   RO         4800    i.prvCheckTasksWaitingTermination  tasks.o
    0x080067dc   0x080067dc   0x0000002a   Code   RO         4358    i.prvCopyDataFromQueue  queue.o
    0x08006806   0x08006806   0x0000007e   Code   RO         4359    i.prvCopyDataToQueue  queue.o
    0x08006884   0x08006884   0x00000012   Code   RO         4801    i.prvDeleteTCB      tasks.o
    0x08006896   0x08006896   0x00000002   PAD
    0x08006898   0x08006898   0x00000028   Code   RO         5224    i.prvGetNextExpireTime  timers.o
    0x080068c0   0x080068c0   0x0000007c   Code   RO         5400    i.prvHeapInit       heap_4.o
    0x0800693c   0x0800693c   0x00000028   Code   RO         4802    i.prvIdleTask       tasks.o
    0x08006964   0x08006964   0x0000002e   Code   RO         4362    i.prvInitialiseNewQueue  queue.o
    0x08006992   0x08006992   0x00000002   PAD
    0x08006994   0x08006994   0x00000104   Code   RO         4803    i.prvInitialiseNewTask  tasks.o
    0x08006a98   0x08006a98   0x00000068   Code   RO         4804    i.prvInitialiseTaskLists  tasks.o
    0x08006b00   0x08006b00   0x00000068   Code   RO         5401    i.prvInsertBlockIntoFreeList  heap_4.o
    0x08006b68   0x08006b68   0x00000058   Code   RO         5226    i.prvInsertTimerInActiveList  timers.o
    0x08006bc0   0x08006bc0   0x0000001a   Code   RO         4363    i.prvIsQueueEmpty   queue.o
    0x08006bda   0x08006bda   0x00000002   PAD
    0x08006bdc   0x08006bdc   0x000000c4   Code   RO         4365    i.prvNotifyQueueSetContainer  queue.o
    0x08006ca0   0x08006ca0   0x00000044   Code   RO         5227    i.prvProcessExpiredTimer  timers.o
    0x08006ce4   0x08006ce4   0x0000016c   Code   RO         5228    i.prvProcessReceivedCommands  timers.o
    0x08006e50   0x08006e50   0x00000074   Code   RO         5229    i.prvProcessTimerOrBlockTask  timers.o
    0x08006ec4   0x08006ec4   0x00000028   Code   RO         5230    i.prvReloadTimer    timers.o
    0x08006eec   0x08006eec   0x00000030   Code   RO         4806    i.prvResetNextTaskUnblockTime  tasks.o
    0x08006f1c   0x08006f1c   0x0000002c   Code   RO         5231    i.prvSampleTimeNow  timers.o
    0x08006f48   0x08006f48   0x00000044   Code   RO         5232    i.prvSwitchTimerLists  timers.o
    0x08006f8c   0x08006f8c   0x0000007c   Code   RO         5468    i.prvTaskExitError  port.o
    0x08007008   0x08007008   0x00000084   Code   RO         4809    i.prvTaskIsTaskSuspended  tasks.o
    0x0800708c   0x0800708c   0x0000001a   Code   RO         5233    i.prvTimerTask      timers.o
    0x080070a6   0x080070a6   0x00000090   Code   RO         4366    i.prvUnlockQueue    queue.o
    0x08007136   0x08007136   0x00000002   PAD
    0x08007138   0x08007138   0x00000194   Code   RO         5402    i.pvPortMalloc      heap_4.o
    0x080072cc   0x080072cc   0x00000024   Code   RO         5469    i.pxPortInitialiseStack  port.o
    0x080072f0   0x080072f0   0x000001c4   Code   RO         3942    i.sram_init         sram.o
    0x080074b4   0x080074b4   0x00000080   Code   RO          476    i.start_task        freertos_demo.o
    0x08007534   0x08007534   0x00000056   Code   RO          603    i.sys_stm32_clock_init  sys.o
    0x0800758a   0x0800758a   0x00000002   PAD
    0x0800758c   0x0800758c   0x00000038   Code   RO          477    i.task1             freertos_demo.o
    0x080075c4   0x080075c4   0x00000158   Code   RO          478    i.task2             freertos_demo.o
    0x0800771c   0x0800771c   0x00000148   Code   RO          479    i.task3             freertos_demo.o
    0x08007864   0x08007864   0x00000038   Code   RO          677    i.usart_init        usart.o
    0x0800789c   0x0800789c   0x00000028   Code   RO         4306    i.uxListRemove      list.o
    0x080078c4   0x080078c4   0x0000001a   Code   RO         4307    i.vListInitialise   list.o
    0x080078de   0x080078de   0x00000006   Code   RO         4308    i.vListInitialiseItem  list.o
    0x080078e4   0x080078e4   0x00000034   Code   RO         4309    i.vListInsert       list.o
    0x08007918   0x08007918   0x00000018   Code   RO         4310    i.vListInsertEnd    list.o
    0x08007930   0x08007930   0x00000094   Code   RO         5471    i.vPortEnterCritical  port.o
    0x080079c4   0x080079c4   0x0000007c   Code   RO         5472    i.vPortExitCritical  port.o
    0x08007a40   0x08007a40   0x000000d8   Code   RO         5403    i.vPortFree         heap_4.o
    0x08007b18   0x08007b18   0x0000002c   Code   RO         5473    i.vPortSetupTimerInterrupt  port.o
    0x08007b44   0x08007b44   0x0000008c   Code   RO         4372    i.vQueueAddToRegistry  queue.o
    0x08007bd0   0x08007bd0   0x0000004a   Code   RO         4376    i.vQueueWaitForMessageRestricted  queue.o
    0x08007c1a   0x08007c1a   0x00000002   PAD
    0x08007c1c   0x08007c1c   0x00000084   Code   RO         4821    i.vTaskDelay        tasks.o
    0x08007ca0   0x08007ca0   0x00000124   Code   RO         4822    i.vTaskDelete       tasks.o
    0x08007dc4   0x08007dc4   0x00000018   Code   RO         4826    i.vTaskInternalSetTimeOutState  tasks.o
    0x08007ddc   0x08007ddc   0x0000000c   Code   RO         4828    i.vTaskMissedYield  tasks.o
    0x08007de8   0x08007de8   0x00000064   Code   RO         4829    i.vTaskPlaceOnEventList  tasks.o
    0x08007e4c   0x08007e4c   0x0000008c   Code   RO         4830    i.vTaskPlaceOnEventListRestricted  tasks.o
    0x08007ed8   0x08007ed8   0x000000f0   Code   RO         4835    i.vTaskResume       tasks.o
    0x08007fc8   0x08007fc8   0x000000c4   Code   RO         4838    i.vTaskStartScheduler  tasks.o
    0x0800808c   0x0800808c   0x0000012c   Code   RO         4839    i.vTaskSuspend      tasks.o
    0x080081b8   0x080081b8   0x00000010   Code   RO         4840    i.vTaskSuspendAll   tasks.o
    0x080081c8   0x080081c8   0x000000b8   Code   RO         4841    i.vTaskSwitchContext  tasks.o
    0x08008280   0x08008280   0x0000014c   Code   RO         5475    i.xPortStartScheduler  port.o
    0x080083cc   0x080083cc   0x00000034   Code   RO         5476    i.xPortSysTickHandler  port.o
    0x08008400   0x08008400   0x00000090   Code   RO         4381    i.xQueueGenericCreate  queue.o
    0x08008490   0x08008490   0x000000fc   Code   RO         4382    i.xQueueGenericReset  queue.o
    0x0800858c   0x0800858c   0x00000180   Code   RO         4391    i.xQueueReceive     queue.o
    0x0800870c   0x0800870c   0x000000cc   Code   RO         4844    i.xTaskCheckForTimeOut  tasks.o
    0x080087d8   0x080087d8   0x00000060   Code   RO         4845    i.xTaskCreate       tasks.o
    0x08008838   0x08008838   0x00000020   Code   RO         4854    i.xTaskGetSchedulerState  tasks.o
    0x08008858   0x08008858   0x0000000c   Code   RO         4855    i.xTaskGetTickCount  tasks.o
    0x08008864   0x08008864   0x000001e8   Code   RO         4857    i.xTaskIncrementTick  tasks.o
    0x08008a4c   0x08008a4c   0x00000110   Code   RO         4858    i.xTaskPriorityDisinherit  tasks.o
    0x08008b5c   0x08008b5c   0x0000014c   Code   RO         4860    i.xTaskRemoveFromEventList  tasks.o
    0x08008ca8   0x08008ca8   0x000001a0   Code   RO         4861    i.xTaskResumeAll    tasks.o
    0x08008e48   0x08008e48   0x00000080   Code   RO         5241    i.xTimerCreateTimerTask  timers.o
    0x08008ec8   0x08008ec8   0x0000005a   Code   RO         5634    x$fpl$dfixu         fz_ws.l(dfixu.o)
    0x08008f22   0x08008f22   0x00000026   Code   RO         5638    x$fpl$dfltu         fz_ws.l(dflt_clz.o)
    0x08008f48   0x08008f48   0x00000154   Code   RO         5644    x$fpl$dmul          fz_ws.l(dmul.o)
    0x0800909c   0x0800909c   0x0000009c   Code   RO         5664    x$fpl$dnaninf       fz_ws.l(dnaninf.o)
    0x08009138   0x08009138   0x0000000c   Code   RO         5666    x$fpl$dretinf       fz_ws.l(dretinf.o)
    0x08009144   0x08009144   0x00000000   Code   RO         5668    x$fpl$usenofp       fz_ws.l(usenofp.o)
    0x08009144   0x08009144   0x00000018   Data   RO          255    .constdata          system_stm32f1xx.o
    0x0800915c   0x0800915c   0x00002f80   Data   RO         3688    .constdata          lcd.o
    0x0800c0dc   0x0800c0dc   0x00000018   Data   RO         4095    .constdata          malloc.o
    0x0800c0f4   0x0800c0f4   0x00000028   Data   RO         5575    .constdata          c_w.l(_printf_hex_int.o)
    0x0800c11c   0x0800c11c   0x00000020   Data   RO         5818    Region$$Table       anon$$obj.o


    Execution Region RW_IRAM1 (Exec base: 0x20000000, Load base: 0x0800c13c, Size: 0x0000b430, Max: 0x00010000, ABSOLUTE)

    Exec Addr    Load Addr    Size         Type   Attr      Idx    E Section Name        Object

    0x20000000   0x0800c13c   0x00000004   Data   RW          256    .data               system_stm32f1xx.o
    0x20000004   0x0800c140   0x00000014   Data   RW          480    .data               freertos_demo.o
    0x20000018   0x0800c154   0x00000002   Data   RW          557    .data               delay.o
    0x2000001a   0x0800c156   0x00000002   PAD
    0x2000001c   0x0800c158   0x00000007   Data   RW          679    .data               usart.o
    0x20000023   0x0800c15f   0x00000001   PAD
    0x20000024   0x0800c160   0x00000009   Data   RW          772    .data               stm32f1xx_hal.o
    0x2000002d   0x0800c169   0x00000003   PAD
    0x20000030   0x0800c16c   0x00000008   Data   RW         3689    .data               lcd.o
    0x20000038   0x0800c174   0x00000001   Data   RW         3913    .data               key.o
    0x20000039   0x0800c175   0x00000003   PAD
    0x2000003c   0x0800c178   0x0000001c   Data   RW         4096    .data               malloc.o
    0x20000058   0x0800c194   0x00000040   Data   RW         4864    .data               tasks.o
    0x20000098   0x0800c1d4   0x00000014   Data   RW         5250    .data               timers.o
    0x200000ac   0x0800c1e8   0x00000020   Data   RW         5409    .data               heap_4.o
    0x200000cc   0x0800c208   0x0000000c   Data   RW         5477    .data               port.o
    0x200000d8        -       0x00000108   Zero   RW          678    .bss                usart.o
    0x200001e0        -       0x00000056   Zero   RW         3687    .bss                lcd.o
    0x20000236   0x0800c214   0x00000002   PAD
    0x20000238        -       0x00000048   Zero   RW         3947    .bss                sram.o
    0x20000280        -       0x00000048   Zero   RW         3999    .bss                btim.o
    0x200002c8        -       0x00000030   Zero   RW         4042    .bss                adc3.o
    0x200002f8   0x0800c214   0x00000008   PAD
    0x20000300        -       0x00007f80   Zero   RW         4094    .bss                malloc.o
    0x20008280        -       0x00000040   Zero   RW         4398    .bss                queue.o
    0x200082c0        -       0x000002e4   Zero   RW         4863    .bss                tasks.o
    0x200085a4        -       0x00000028   Zero   RW         5249    .bss                timers.o
    0x200085cc        -       0x00002800   Zero   RW         5408    .bss                heap_4.o
    0x2000adcc        -       0x00000060   Zero   RW         5701    .bss                c_w.l(libspace.o)
    0x2000ae2c   0x0800c214   0x00000004   PAD
    0x2000ae30        -       0x00000200   Zero   RW            2    HEAP                startup_stm32f103xe.o
    0x2000b030        -       0x00000400   Zero   RW            1    STACK               startup_stm32f103xe.o



  Load Region LR$$.ARM.__AT_0x68000000 (Base: 0x68000000, Size: 0x00000000, Max: 0x000f0c00, ABSOLUTE)

    Execution Region ER$$.ARM.__AT_0x68000000 (Exec base: 0x68000000, Load base: 0x68000000, Size: 0x000f0c00, Max: 0x000f0c00, ABSOLUTE, UNINIT)

    Exec Addr    Load Addr    Size         Type   Attr      Idx    E Section Name        Object

    0x68000000        -       0x000f0c00   Zero   RW         4092    .ARM.__AT_0x68000000  malloc.o



  Load Region LR$$.ARM.__AT_0x680F0C00 (Base: 0x680f0c00, Size: 0x00000000, Max: 0x0000f0c0, ABSOLUTE)

    Execution Region ER$$.ARM.__AT_0x680F0C00 (Exec base: 0x680f0c00, Load base: 0x680f0c00, Size: 0x0000f0c0, Max: 0x0000f0c0, ABSOLUTE, UNINIT)

    Exec Addr    Load Addr    Size         Type   Attr      Idx    E Section Name        Object

    0x680f0c00        -       0x0000f0c0   Zero   RW         4093    .ARM.__AT_0x680F0C00  malloc.o


==============================================================================

Image component sizes


      Code (inc. data)   RO Data    RW Data    ZI Data      Debug   Object Name

       260         26          0          0         48       2794   adc3.o
        48         14          0          0         72       1602   btim.o
       196         10          0          2          0       2445   delay.o
         0          0          0          0          0      13204   event_groups.o
       904        224          0         20          0      17465   freertos_demo.o
       848        218          0         32      10240       4111   heap_4.o
       436         26          0          1          0       1734   key.o
     14286        180      12160          8         86      30734   lcd.o
       144         12          0          0          0        911   led.o
       148          0          0          0          0       3282   list.o
        68          0          0          0          0     519639   main.o
       132         18         24         28    1080384       3411   malloc.o
      1010        354          0         12          0       9736   port.o
      1574        278          0          0         64      12623   queue.o
       452         30          0          0         72       1553   sram.o
        64         26        304          0       1536        928   startup_stm32f103xe.o
       154         32          0          9          0       6407   stm32f1xx_hal.o
      1598         64          0          0          0       6396   stm32f1xx_hal_adc.o
       260          4          0          0          0       1462   stm32f1xx_hal_adc_ex.o
       344         22          0          0          0      30049   stm32f1xx_hal_cortex.o
       424         10          0          0          0       1247   stm32f1xx_hal_dma.o
       880         40          0          0          0       3980   stm32f1xx_hal_gpio.o
      1784        110          0          0          0       6064   stm32f1xx_hal_rcc.o
       612         46          0          0          0       2441   stm32f1xx_hal_rcc_ex.o
       102          0          0          0          0       1212   stm32f1xx_hal_sram.o
       414          0          0          0          0       3538   stm32f1xx_hal_tim.o
         4          0          0          0          0       1537   stm32f1xx_hal_tim_ex.o
      1162         10          0          0          0       7775   stm32f1xx_hal_uart.o
        20          0          0          0          0       2597   stm32f1xx_it.o
       254         10          0          0          0       3855   stm32f1xx_ll_fsmc.o
        86          0          0          0          0        719   sys.o
         2          0         24          4          0       1343   system_stm32f1xx.o
      4602       1240          0         64        740      35371   tasks.o
      1082        214          0         20         40      13344   timers.o
       440         56          0          7        264       5429   usart.o

    ----------------------------------------------------------------------
     34824       3274      12544        216    1093556     760938   Object Totals
         0          0         32          0          0          0   (incl. Generated)
        30          0          0          9         10          0   (incl. Padding)

    ----------------------------------------------------------------------

      Code (inc. data)   RO Data    RW Data    ZI Data      Debug   Library Member Name

         8          0          0          0          0         68   __main.o
       104          0          0          0          0         84   __printf.o
         0          0          0          0          0          0   __rtentry.o
        12          0          0          0          0          0   __rtentry2.o
         6          0          0          0          0          0   __rtentry4.o
        52          8          0          0          0          0   __scatter.o
        26          0          0          0          0          0   __scatter_copy.o
        28          0          0          0          0          0   __scatter_zi.o
        44          0          0          0          0        108   _printf_char.o
        48          6          0          0          0         96   _printf_char_common.o
        36          4          0          0          0         80   _printf_char_file.o
         6          0          0          0          0          0   _printf_d.o
       120         16          0          0          0         92   _printf_dec.o
        88          4         40          0          0         88   _printf_hex_int.o
       178          0          0          0          0         88   _printf_intcommon.o
         0          0          0          0          0          0   _printf_percent.o
         4          0          0          0          0          0   _printf_percent_end.o
         6          0          0          0          0          0   _printf_s.o
        82          0          0          0          0         80   _printf_str.o
         6          0          0          0          0          0   _printf_x.o
        16          0          0          0          0         68   aeabi_memset.o
        18          0          0          0          0         80   exit.o
         8          0          0          0          0         68   ferror.o
         6          0          0          0          0        152   heapauxi.o
         2          0          0          0          0          0   libinit.o
         2          0          0          0          0          0   libinit2.o
         2          0          0          0          0          0   libshutdown.o
         2          0          0          0          0          0   libshutdown2.o
         8          4          0          0         96         68   libspace.o
        24          4          0          0          0         84   noretval__2printf.o
        68          0          0          0          0         68   rt_memclr.o
        78          0          0          0          0         80   rt_memclr_w.o
       138          0          0          0          0         68   rt_memcpy_v6.o
       100          0          0          0          0         80   rt_memcpy_w.o
         2          0          0          0          0          0   rtexit.o
        10          0          0          0          0          0   rtexit2.o
        74          0          0          0          0         80   sys_stackheap_outer.o
         2          0          0          0          0         68   use_no_semi.o
         2          0          0          0          0         68   use_no_semi_2.o
        90          4          0          0          0         92   dfixu.o
        38          0          0          0          0         68   dflt_clz.o
       340         12          0          0          0        104   dmul.o
       156          4          0          0          0         92   dnaninf.o
        12          0          0          0          0         68   dretinf.o
         0          0          0          0          0          0   usenofp.o

    ----------------------------------------------------------------------
      2060         66         40          0        100       2240   Library Totals
         8          0          0          0          4          0   (incl. Padding)

    ----------------------------------------------------------------------

      Code (inc. data)   RO Data    RW Data    ZI Data      Debug   Library Name

      1416         46         40          0         96       1816   c_w.l
       636         20          0          0          0        424   fz_ws.l

    ----------------------------------------------------------------------
      2060         66         40          0        100       2240   Library Totals

    ----------------------------------------------------------------------

==============================================================================


      Code (inc. data)   RO Data    RW Data    ZI Data      Debug   

     36884       3340      12584        216    1093656     752410   Grand Totals
     36884       3340      12584        216    1093656     752410   ELF Image Totals
     36884       3340      12584        216          0          0   ROM Totals

==============================================================================

    Total RO  Size (Code + RO Data)                49468 (  48.31kB)
    Total RW  Size (RW Data + ZI Data)           1093872 (1068.23kB)
    Total ROM Size (Code + RO Data + RW Data)      49684 (  48.52kB)

==============================================================================

